MPLINK 4.31, Linker
Linker Map File - Created Sun May 02 13:57:49 2010

                                 Section Info
                  Section       Type    Address   Location Size(Bytes)
                ---------  ---------  ---------  ---------  ---------
               _entry_scn       code   0x000000    program   0x000006
       .code__user_putc.o       code   0x000006    program   0x000002
              high_vector       code   0x000008    program   0x000006
                   .cinit    romdata   0x00000e    program   0x00004a
  .code_process_command.o       code   0x000058    program   0x0014ce
         .code_vfprintf.o       code   0x001526    program   0x000c22
             .stringtable    romdata   0x002148    program   0x0009d6
         .code_sumovore.o       code   0x002b1e    program   0x00041a
             .code_menu.o       code   0x002f38    program   0x000286
   .code_motor_control1.o       code   0x0031be    program   0x000254
           .code_sensor.o       code   0x003412    program   0x00018a
             .code_jog2.o       code   0x00359c    program   0x000112
             .code_main.o       code   0x0036ae    program   0x0000b6
               _cinit_scn       code   0x003764    program   0x00009e
           .code_printf.o       code   0x003802    program   0x000098
            .code_uopen.o       code   0x00389a    program   0x00008a
             .code_putc.o       code   0x003924    program   0x000084
          .code_fxm3232.o       code   0x0039a8    program   0x000070
          .code_adcopen.o       code   0x003a18    program   0x00006e
                   STRING       code   0x003a86    program   0x000066
         .code_pw2setdc.o       code   0x003aec    program   0x00005e
         .code_pw1setdc.o       code   0x003b4a    program   0x00005e
                     PROG       code   0x003ba8    program   0x00005a
          .code_pw2open.o       code   0x003c02    program   0x000058
              .code_osc.o       code   0x003c5a    program   0x00004e
         .code_fxd3232u.o       code   0x003ca8    program   0x000048
            .code_uread.o       code   0x003cf0    program   0x00003e
           .code_t2open.o       code   0x003d2e    program   0x000036
          .code_pw1open.o       code   0x003d64    program   0x000030
         .code_adcsetch.o       code   0x003d94    program   0x00002e
       .code_interrupts.o       code   0x003dc2    program   0x000028
                    CTYPE       code   0x003dea    program   0x000024
             _startup_scn       code   0x003e0e    program   0x00001c
                    STDIO       code   0x003e2a    program   0x00001c
          .code_iswdtto.o       code   0x003e46    program   0x000018
            .code_ispor.o       code   0x003e5e    program   0x000018
          .code_adcread.o       code   0x003e76    program   0x000012
      .romdata_vfprintf.o    romdata   0x003e88    program   0x000011
          .romdata_putc.o    romdata   0x003e99    program   0x000000
         .idata_uread.o_i    romdata   0x003e99    program   0x000000
          .idata_putc.o_i    romdata   0x003e99    program   0x000000
         .romdata_uread.o    romdata   0x003e99    program   0x000000
       .romdata_fxm3232.o    romdata   0x003e99    program   0x000000
      .romdata_fxd3232u.o    romdata   0x003e99    program   0x000000
      .romdata_adcsetch.o    romdata   0x003e99    program   0x000000
    .romdata__user_putc.o    romdata   0x003e99    program   0x000000
      .idata_pw1setdc.o_i    romdata   0x003e99    program   0x000000
      .romdata_pw1setdc.o    romdata   0x003e99    program   0x000000
      .idata_vfprintf.o_i    romdata   0x003e99    program   0x000000
        .romdata_stdout.o    romdata   0x003e99    program   0x000000
      .idata_pw2setdc.o_i    romdata   0x003e99    program   0x000000
        .romdata_printf.o    romdata   0x003e99    program   0x000000
      .romdata_pw2setdc.o    romdata   0x003e99    program   0x000000
        .idata_printf.o_i    romdata   0x003e99    program   0x000000
       .romdata_iswdtto.o    romdata   0x003e99    program   0x000000
       .idata_statrst.o_i    romdata   0x003e99    program   0x000000
       .romdata_statrst.o    romdata   0x003e99    program   0x000000
         .idata_udefs.o_i    romdata   0x003e99    program   0x000000
         .romdata_udefs.o    romdata   0x003e99    program   0x000000
        .romdata___init.o    romdata   0x003e99    program   0x000000
         .idata_isbor.o_i    romdata   0x003e99    program   0x000000
         .romdata_isbor.o    romdata   0x003e99    program   0x000000
       .idata_iswdtto.o_i    romdata   0x003e99    program   0x000000
         .romdata_ispor.o    romdata   0x003e99    program   0x000000
         .idata_ispor.o_i    romdata   0x003e99    program   0x000000
         .romdata_c018i.o    romdata   0x003e99    program   0x000000
          .idata_main.o_i    romdata   0x003e99    program   0x000000
          .romdata_main.o    romdata   0x003e99    program   0x000000
.romdata_process_command.o    romdata   0x003e99    program   0x000000
      .romdata_sumovore.o    romdata   0x003e99    program   0x000000
          .idata_menu.o_i    romdata   0x003e99    program   0x000000
          .romdata_menu.o    romdata   0x003e99    program   0x000000
        .idata_sensor.o_i    romdata   0x003e99    program   0x000000
        .romdata_sensor.o    romdata   0x003e99    program   0x000000
          .romdata_jog2.o    romdata   0x003e99    program   0x000000
.romdata_motor_control1.o    romdata   0x003e99    program   0x000000
           .idata_osc.o_i    romdata   0x003e99    program   0x000000
           .romdata_osc.o    romdata   0x003e99    program   0x000000
    .idata_interrupts.o_i    romdata   0x003e99    program   0x000001
    .romdata_interrupts.o    romdata   0x003e99    program   0x000000
       .romdata_adcbusy.o    romdata   0x003e99    program   0x000000
         .idata_uopen.o_i    romdata   0x003e99    program   0x000000
        .romdata_t2open.o    romdata   0x003e99    program   0x000000
        .idata_t2open.o_i    romdata   0x003e99    program   0x000000
       .romdata_pw2open.o    romdata   0x003e99    program   0x000000
       .idata_pw2open.o_i    romdata   0x003e99    program   0x000000
       .romdata_pw1open.o    romdata   0x003e99    program   0x000000
       .idata_pw1open.o_i    romdata   0x003e99    program   0x000000
       .romdata_adcopen.o    romdata   0x003e99    program   0x000000
         .romdata_uopen.o    romdata   0x003e99    program   0x000000
       .romdata_adcconv.o    romdata   0x003e99    program   0x000000
       .romdata_adcread.o    romdata   0x003e99    program   0x000000
                    .code       code   0x003e9a    program   0x00000e
            .code_isbor.o       code   0x003ea8    program   0x00000c
          .code_adcbusy.o       code   0x003eb4    program   0x00000a
          .code_statrst.o       code   0x003ebe    program   0x000006
          .code_adcconv.o       code   0x003ec4    program   0x000004
           .code___init.o       code   0x003ec8    program   0x000002
      .idata_sumovore.o_i    romdata   0x003eca    program   0x00000f
        .idata_stdout.o_i    romdata   0x003ed9    program   0x000002
.idata_process_command.o_i    romdata   0x003edb    program   0x00001b
.idata_motor_control1.o_i    romdata   0x003ef6    program   0x000004
          .idata_jog2.o_i    romdata   0x003efa    program   0x000005
      .idata_adcsetch.o_i    romdata   0x003eff    program   0x000000
       .idata_fxm3232.o_i    romdata   0x003eff    program   0x000000
    .idata__user_putc.o_i    romdata   0x003eff    program   0x000000
       .idata_adcread.o_i    romdata   0x003eff    program   0x000000
         .idata_c018i.o_i    romdata   0x003eff    program   0x000000
      .idata_fxd3232u.o_i    romdata   0x003eff    program   0x000000
       .idata_adcopen.o_i    romdata   0x003eff    program   0x000000
       .idata_adcbusy.o_i    romdata   0x003eff    program   0x000000
        .idata___init.o_i    romdata   0x003eff    program   0x000000
       .idata_adcconv.o_i    romdata   0x003eff    program   0x000000
           .code_stdout.o       code   0x003f00    program   0x000000
            .code_c018i.o       code   0x003f00    program   0x000000
            .code_udefs.o       code   0x003f00    program   0x000000
.config_300001_sumovore.o    romdata   0x300001    program   0x000001
.config_300002_sumovore.o    romdata   0x300002    program   0x000001
.config_300003_sumovore.o    romdata   0x300003    program   0x000001
.config_300005_sumovore.o    romdata   0x300005    program   0x000001
.config_300006_sumovore.o    romdata   0x300006    program   0x000001
                MATH_DATA      udata   0x000000       data   0x000014
                 .tmpdata      udata   0x000014       data   0x000007
 .idata_process_command.o      idata   0x000080       data   0x00001b
        .idata_sumovore.o      idata   0x00009b       data   0x00000f
           .udata_c018i.o      udata   0x0000aa       data   0x00000a
            .idata_jog2.o      idata   0x0000b4       data   0x000005
  .idata_motor_control1.o      idata   0x0000b9       data   0x000004
        .udata_sumovore.o      udata   0x0000bd       data   0x000002
          .idata_stdout.o      idata   0x0000bf       data   0x000002
           .udata_udefs.o      udata   0x0000c1       data   0x000001
      .idata_interrupts.o      idata   0x0000c2       data   0x000001
           .udata_ispor.o      udata   0x0000c3       data   0x000000
           .idata_isbor.o      idata   0x0000c3       data   0x000000
           .udata_isbor.o      udata   0x0000c3       data   0x000000
          .idata___init.o      idata   0x0000c3       data   0x000000
          .udata___init.o      udata   0x0000c3       data   0x000000
           .idata_udefs.o      idata   0x0000c3       data   0x000000
         .idata_statrst.o      idata   0x0000c3       data   0x000000
         .udata_statrst.o      udata   0x0000c3       data   0x000000
        .idata_pw2setdc.o      idata   0x0000c3       data   0x000000
        .udata_pw2setdc.o      udata   0x0000c3       data   0x000000
        .idata_pw1setdc.o      idata   0x0000c3       data   0x000000
        .udata_pw1setdc.o      udata   0x0000c3       data   0x000000
        .idata_adcsetch.o      idata   0x0000c3       data   0x000000
        .udata_adcsetch.o      udata   0x0000c3       data   0x000000
           .idata_ispor.o      idata   0x0000c3       data   0x000000
         .udata_iswdtto.o      udata   0x0000c3       data   0x000000
         .idata_iswdtto.o      idata   0x0000c3       data   0x000000
          .udata_printf.o      udata   0x0000c3       data   0x000000
          .idata_printf.o      idata   0x0000c3       data   0x000000
          .udata_stdout.o      udata   0x0000c3       data   0x000000
        .udata_vfprintf.o      udata   0x0000c3       data   0x000000
        .idata_vfprintf.o      idata   0x0000c3       data   0x000000
        .udata_fxd3232u.o      udata   0x0000c3       data   0x000000
        .idata_fxd3232u.o      idata   0x0000c3       data   0x000000
         .udata_fxm3232.o      udata   0x0000c3       data   0x000000
         .idata_fxm3232.o      idata   0x0000c3       data   0x000000
            .udata_putc.o      udata   0x0000c3       data   0x000000
            .idata_putc.o      idata   0x0000c3       data   0x000000
      .udata__user_putc.o      udata   0x0000c3       data   0x000000
      .idata__user_putc.o      idata   0x0000c3       data   0x000000
           .idata_c018i.o      idata   0x0000c3       data   0x000000
            .udata_main.o      udata   0x0000c3       data   0x000000
            .idata_main.o      idata   0x0000c3       data   0x000000
 .udata_process_command.o      udata   0x0000c3       data   0x000000
            .udata_menu.o      udata   0x0000c3       data   0x000000
            .idata_menu.o      idata   0x0000c3       data   0x000000
          .udata_sensor.o      udata   0x0000c3       data   0x000000
          .idata_sensor.o      idata   0x0000c3       data   0x000000
            .udata_jog2.o      udata   0x0000c3       data   0x000000
  .udata_motor_control1.o      udata   0x0000c3       data   0x000000
             .udata_osc.o      udata   0x0000c3       data   0x000000
             .idata_osc.o      idata   0x0000c3       data   0x000000
      .udata_interrupts.o      udata   0x0000c3       data   0x000000
         .udata_adcbusy.o      udata   0x0000c3       data   0x000000
         .idata_adcbusy.o      idata   0x0000c3       data   0x000000
           .idata_uread.o      idata   0x0000c3       data   0x000000
           .udata_uread.o      udata   0x0000c3       data   0x000000
         .idata_adcread.o      idata   0x0000c3       data   0x000000
         .udata_adcread.o      udata   0x0000c3       data   0x000000
           .idata_uopen.o      idata   0x0000c3       data   0x000000
           .udata_uopen.o      udata   0x0000c3       data   0x000000
          .idata_t2open.o      idata   0x0000c3       data   0x000000
          .udata_t2open.o      udata   0x0000c3       data   0x000000
         .idata_pw2open.o      idata   0x0000c3       data   0x000000
         .udata_pw2open.o      udata   0x0000c3       data   0x000000
         .idata_pw1open.o      idata   0x0000c3       data   0x000000
         .udata_pw1open.o      udata   0x0000c3       data   0x000000
         .idata_adcopen.o      idata   0x0000c3       data   0x000000
         .udata_adcopen.o      udata   0x0000c3       data   0x000000
         .idata_adcconv.o      idata   0x0000c3       data   0x000000
         .udata_adcconv.o      udata   0x0000c3       data   0x000000
                   .stack      udata   0x000e00       data   0x000100
            SFR_UNBANKED0      udata   0x000f80       data   0x000080



                              Program Memory Usage 
                               Start         End      
                           ---------   ---------      
                            0x000000    0x003efe      
                            0x300001    0x300003      
                            0x300005    0x300006      
            16132 out of 50200 program addresses used, program memory utilization is 32%



                              Symbols - Sorted by Name
                     Name    Address   Location    Storage File                     
                ---------  ---------  ---------  --------- ---------                
                  BORtask   0x002e8e    program     extern H:\MyProjects_2\robot_diagnostic3000\sumovore.c
                  BusyADC   0x003eb4    program     extern C:\MCC18\src\pmc_common\ADC\adcbusy.c
               ConvertADC   0x003ec4    program     extern C:\MCC18\src\pmc_common\ADC\adcconv.c
                 FXD3232U   0x003ca8    program     extern C:\MCC18\src\traditional\math\fxd3232u.c
                 FXM1616S   0x003ba8    program     extern C:\MCC18\src\traditional\math\fxm1616s.asm
                  FXM3232   0x0039a8    program     extern C:\MCC18\src\traditional\math\fxm3232.c
                   LVtrap   0x002f1c    program     extern H:\MyProjects_2\robot_diagnostic3000\sumovore.c
                  OpenADC   0x003a18    program     extern C:\MCC18\src\pmc_common\ADC\adcopen.c
                 OpenPWM1   0x003d64    program     extern C:\MCC18\src\pmc_common\PWM\pw1open.c
         OpenPWM1ConfigIO   0x003d90    program     extern C:\MCC18\src\pmc_common\PWM\pw1open.c
                 OpenPWM2   0x003c02    program     extern C:\MCC18\src\pmc_common\PWM\pw2open.c
               OpenTimer2   0x003d2e    program     extern C:\MCC18\src\pmc_common\Timers\t2open.c
                OpenUSART   0x00389a    program     extern C:\MCC18\src\pmc_common\USART\uopen.c
                  PORtask   0x002e72    program     extern H:\MyProjects_2\robot_diagnostic3000\sumovore.c
                RESETtask   0x002ee8    program     extern H:\MyProjects_2\robot_diagnostic3000\sumovore.c
                  ReadADC   0x003e76    program     extern C:\MCC18\src\pmc_common\ADC\adcread.c
                ReadUSART   0x003cf0    program     extern C:\MCC18\src\pmc_common\USART\uread.c
               STKFULtask   0x002eca    program     extern H:\MyProjects_2\robot_diagnostic3000\sumovore.c
               SetChanADC   0x003d94    program     extern C:\MCC18\src\pmc_common\ADC\adcsetch.c
                SetDCPWM1   0x003b4a    program     extern C:\MCC18\src\pmc_common\PWM\pw1setdc.c
                SetDCPWM2   0x003aec    program     extern C:\MCC18\src\pmc_common\PWM\pw2setdc.c
              StatusReset   0x003ebe    program     extern C:\MCC18\src\pmc_common\reset\statrst.c
               TSIGN1616A   0x003bf4    program     static C:\MCC18\src\traditional\math\fxm1616s.asm
                  WDTtask   0x002eae    program     extern H:\MyProjects_2\robot_diagnostic3000\sumovore.c
                   _2jEnd   0x003ad6    program     static C:\MCC18\src\traditional\stdclib\slenpgm.asm
         ___else_lbl00005   0x003742    program     static                          
         ___else_lbl00007   0x00371e    program     static                          
         ___else_lbl00009   0x0036fa    program     static                          
           ___if_lbl00003   0x0036ee    program     static                          
           ___if_lbl00004   0x003758    program     static                          
           ___if_lbl00006   0x003758    program     static                          
           ___if_lbl00008   0x003758    program     static                          
       ___return_lbl00000   0x003a16    program     static                          
       ___return_lbl00000   0x000004    program     static                          
       ___return_lbl00000   0x003cee    program     static                          
       ___return_lbl00000   0x00000c    program     static                          
       ___return_lbl00000   0x00375a    program     static                          
       ___return_lbl00001   0x003e28    program     static                          
       ___return_lbl00002   0x003800    program     static                          
       ___return_lbl00031   0x002eac    program     static                          
       ___return_lbl00034   0x002ec8    program     static                          
       ___return_lbl00037   0x002ee6    program     static                          
       ___return_lbl00040   0x002f02    program     static                          
       ___return_lbl00044   0x002f36    program     static                          
        ___while_lbl00001   0x0036d8    program     static                          
        ___while_lbl00002   0x00375a    program     static                          
        ___while_lbl00032   0x002ea8    program     static                          
        ___while_lbl00033   0x002eac    program     static                          
        ___while_lbl00035   0x002ec4    program     static                          
        ___while_lbl00036   0x002ec8    program     static                          
        ___while_lbl00038   0x002ee2    program     static                          
        ___while_lbl00039   0x002ee6    program     static                          
        ___while_lbl00041   0x002efe    program     static                          
        ___while_lbl00042   0x002f02    program     static                          
        ___while_lbl00045   0x002f32    program     static                          
        ___while_lbl00046   0x002f36    program     static                          
               __config_0   0x300001    program     static H:\MyProjects_2\robot_diagnostic3000\sumovore.c
               __config_1   0x300002    program     static H:\MyProjects_2\robot_diagnostic3000\sumovore.c
               __config_2   0x300003    program     static H:\MyProjects_2\robot_diagnostic3000\sumovore.c
               __config_3   0x300005    program     static H:\MyProjects_2\robot_diagnostic3000\sumovore.c
               __config_4   0x300006    program     static H:\MyProjects_2\robot_diagnostic3000\sumovore.c
                   __init   0x003ec8    program     extern C:\MCC18\src\traditional\stdclib\__init.c
                   __pa_0   0x001e66    program     static C:\MCC18\src\traditional\stdclib\vfprintf.c
                   __pa_1   0x001e6e    program     static C:\MCC18\src\traditional\stdclib\vfprintf.c
                  __pa_10   0x001f22    program     static C:\MCC18\src\traditional\stdclib\vfprintf.c
                  __pa_11   0x001f30    program     static C:\MCC18\src\traditional\stdclib\vfprintf.c
                  __pa_12   0x001f46    program     static C:\MCC18\src\traditional\stdclib\vfprintf.c
                  __pa_13   0x001f60    program     static C:\MCC18\src\traditional\stdclib\vfprintf.c
                  __pa_14   0x001f78    program     static C:\MCC18\src\traditional\stdclib\vfprintf.c
                  __pa_15   0x001f88    program     static C:\MCC18\src\traditional\stdclib\vfprintf.c
                  __pa_16   0x001f9e    program     static C:\MCC18\src\traditional\stdclib\vfprintf.c
                  __pa_17   0x001fb0    program     static C:\MCC18\src\traditional\stdclib\vfprintf.c
                  __pa_18   0x001fc2    program     static C:\MCC18\src\traditional\stdclib\vfprintf.c
                  __pa_19   0x001fcc    program     static C:\MCC18\src\traditional\stdclib\vfprintf.c
                   __pa_2   0x001e78    program     static C:\MCC18\src\traditional\stdclib\vfprintf.c
                  __pa_20   0x001fdc    program     static C:\MCC18\src\traditional\stdclib\vfprintf.c
                  __pa_21   0x001fec    program     static C:\MCC18\src\traditional\stdclib\vfprintf.c
                  __pa_22   0x001ffc    program     static C:\MCC18\src\traditional\stdclib\vfprintf.c
                  __pa_23   0x002008    program     static C:\MCC18\src\traditional\stdclib\vfprintf.c
                  __pa_24   0x002016    program     static C:\MCC18\src\traditional\stdclib\vfprintf.c
                  __pa_25   0x00201e    program     static C:\MCC18\src\traditional\stdclib\vfprintf.c
                  __pa_26   0x002028    program     static C:\MCC18\src\traditional\stdclib\vfprintf.c
                  __pa_27   0x002032    program     static C:\MCC18\src\traditional\stdclib\vfprintf.c
                  __pa_28   0x00203a    program     static C:\MCC18\src\traditional\stdclib\vfprintf.c
                  __pa_29   0x002048    program     static C:\MCC18\src\traditional\stdclib\vfprintf.c
                   __pa_3   0x001e82    program     static C:\MCC18\src\traditional\stdclib\vfprintf.c
                  __pa_30   0x002064    program     static C:\MCC18\src\traditional\stdclib\vfprintf.c
                  __pa_31   0x00207e    program     static C:\MCC18\src\traditional\stdclib\vfprintf.c
                  __pa_32   0x002098    program     static C:\MCC18\src\traditional\stdclib\vfprintf.c
                  __pa_33   0x0020b0    program     static C:\MCC18\src\traditional\stdclib\vfprintf.c
                  __pa_34   0x0020ba    program     static C:\MCC18\src\traditional\stdclib\vfprintf.c
                  __pa_35   0x0020c8    program     static C:\MCC18\src\traditional\stdclib\vfprintf.c
                  __pa_36   0x0020d0    program     static C:\MCC18\src\traditional\stdclib\vfprintf.c
                  __pa_37   0x0020da    program     static C:\MCC18\src\traditional\stdclib\vfprintf.c
                  __pa_38   0x0020ea    program     static C:\MCC18\src\traditional\stdclib\vfprintf.c
                  __pa_39   0x0020f8    program     static C:\MCC18\src\traditional\stdclib\vfprintf.c
                   __pa_4   0x001e9a    program     static C:\MCC18\src\traditional\stdclib\vfprintf.c
                  __pa_40   0x002104    program     static C:\MCC18\src\traditional\stdclib\vfprintf.c
                  __pa_41   0x002110    program     static C:\MCC18\src\traditional\stdclib\vfprintf.c
                  __pa_42   0x002118    program     static C:\MCC18\src\traditional\stdclib\vfprintf.c
                  __pa_43   0x002122    program     static C:\MCC18\src\traditional\stdclib\vfprintf.c
                  __pa_44   0x002128    program     static C:\MCC18\src\traditional\stdclib\vfprintf.c
                  __pa_45   0x002132    program     static C:\MCC18\src\traditional\stdclib\vfprintf.c
                  __pa_46   0x00213e    program     static C:\MCC18\src\traditional\stdclib\vfprintf.c
                   __pa_5   0x001eae    program     static C:\MCC18\src\traditional\stdclib\vfprintf.c
                   __pa_6   0x001eca    program     static C:\MCC18\src\traditional\stdclib\vfprintf.c
                   __pa_7   0x001ed4    program     static C:\MCC18\src\traditional\stdclib\vfprintf.c
                   __pa_8   0x001ee0    program     static C:\MCC18\src\traditional\stdclib\vfprintf.c
                   __pa_9   0x001f02    program     static C:\MCC18\src\traditional\stdclib\vfprintf.c
               __string_0   0x0029a8    program     static H:\MyProjects_2\robot_diagnostic3000\menu.c
               __string_0   0x002aba    program     static H:\MyProjects_2\robot_diagnostic3000\sensor.c
               __string_0   0x002ad9    program     static H:\MyProjects_2\robot_diagnostic3000\jog2.c
               __string_0   0x0026c0    program     static H:\MyProjects_2\robot_diagnostic3000\sumovore.c
               __string_0   0x002afa    program     static H:\MyProjects_2\robot_diagnostic3000\motor_control1.c
               __string_0   0x00216e    program     static H:\MyProjects_2\robot_diagnostic3000\main.c
               __string_0   0x002688    program     static H:\MyProjects_2\robot_diagnostic3000\process_command.c
               __string_1   0x002678    program     static H:\MyProjects_2\robot_diagnostic3000\process_command.c
               __string_1   0x002a95    program     static H:\MyProjects_2\robot_diagnostic3000\sensor.c
               __string_1   0x002990    program     static H:\MyProjects_2\robot_diagnostic3000\menu.c
               __string_1   0x0026ba    program     static H:\MyProjects_2\robot_diagnostic3000\sumovore.c
               __string_1   0x002148    program     static H:\MyProjects_2\robot_diagnostic3000\main.c
              __string_10   0x0025c3    program     static H:\MyProjects_2\robot_diagnostic3000\process_command.c
              __string_10   0x0028bb    program     static H:\MyProjects_2\robot_diagnostic3000\menu.c
              __string_11   0x002882    program     static H:\MyProjects_2\robot_diagnostic3000\menu.c
              __string_11   0x0025a1    program     static H:\MyProjects_2\robot_diagnostic3000\process_command.c
              __string_12   0x002869    program     static H:\MyProjects_2\robot_diagnostic3000\menu.c
              __string_12   0x002574    program     static H:\MyProjects_2\robot_diagnostic3000\process_command.c
              __string_13   0x002566    program     static H:\MyProjects_2\robot_diagnostic3000\process_command.c
              __string_13   0x002854    program     static H:\MyProjects_2\robot_diagnostic3000\menu.c
              __string_14   0x00283f    program     static H:\MyProjects_2\robot_diagnostic3000\menu.c
              __string_14   0x00254d    program     static H:\MyProjects_2\robot_diagnostic3000\process_command.c
              __string_15   0x00282c    program     static H:\MyProjects_2\robot_diagnostic3000\menu.c
              __string_15   0x002532    program     static H:\MyProjects_2\robot_diagnostic3000\process_command.c
              __string_16   0x00280c    program     static H:\MyProjects_2\robot_diagnostic3000\menu.c
              __string_16   0x002519    program     static H:\MyProjects_2\robot_diagnostic3000\process_command.c
              __string_17   0x0027ec    program     static H:\MyProjects_2\robot_diagnostic3000\menu.c
              __string_17   0x002505    program     static H:\MyProjects_2\robot_diagnostic3000\process_command.c
              __string_18   0x0027de    program     static H:\MyProjects_2\robot_diagnostic3000\menu.c
              __string_18   0x0024f1    program     static H:\MyProjects_2\robot_diagnostic3000\process_command.c
              __string_19   0x0024e9    program     static H:\MyProjects_2\robot_diagnostic3000\process_command.c
              __string_19   0x0027c8    program     static H:\MyProjects_2\robot_diagnostic3000\menu.c
               __string_2   0x002a72    program     static H:\MyProjects_2\robot_diagnostic3000\sensor.c
               __string_2   0x0026b1    program     static H:\MyProjects_2\robot_diagnostic3000\sumovore.c
               __string_2   0x00266a    program     static H:\MyProjects_2\robot_diagnostic3000\process_command.c
               __string_2   0x00296f    program     static H:\MyProjects_2\robot_diagnostic3000\menu.c
              __string_20   0x0024df    program     static H:\MyProjects_2\robot_diagnostic3000\process_command.c
              __string_20   0x0027a9    program     static H:\MyProjects_2\robot_diagnostic3000\menu.c
              __string_21   0x0024d7    program     static H:\MyProjects_2\robot_diagnostic3000\process_command.c
              __string_21   0x00278c    program     static H:\MyProjects_2\robot_diagnostic3000\menu.c
              __string_22   0x0024ce    program     static H:\MyProjects_2\robot_diagnostic3000\process_command.c
              __string_22   0x00276f    program     static H:\MyProjects_2\robot_diagnostic3000\menu.c
              __string_23   0x002752    program     static H:\MyProjects_2\robot_diagnostic3000\menu.c
              __string_23   0x0024ac    program     static H:\MyProjects_2\robot_diagnostic3000\process_command.c
              __string_24   0x002735    program     static H:\MyProjects_2\robot_diagnostic3000\menu.c
              __string_24   0x0024a1    program     static H:\MyProjects_2\robot_diagnostic3000\process_command.c
              __string_25   0x002715    program     static H:\MyProjects_2\robot_diagnostic3000\menu.c
              __string_25   0x002480    program     static H:\MyProjects_2\robot_diagnostic3000\process_command.c
              __string_26   0x0026f2    program     static H:\MyProjects_2\robot_diagnostic3000\menu.c
              __string_26   0x00245d    program     static H:\MyProjects_2\robot_diagnostic3000\process_command.c
              __string_27   0x0026c6    program     static H:\MyProjects_2\robot_diagnostic3000\menu.c
              __string_27   0x00243c    program     static H:\MyProjects_2\robot_diagnostic3000\process_command.c
              __string_28   0x002420    program     static H:\MyProjects_2\robot_diagnostic3000\process_command.c
              __string_29   0x00240c    program     static H:\MyProjects_2\robot_diagnostic3000\process_command.c
               __string_3   0x00294d    program     static H:\MyProjects_2\robot_diagnostic3000\menu.c
               __string_3   0x00264c    program     static H:\MyProjects_2\robot_diagnostic3000\process_command.c
               __string_3   0x002a47    program     static H:\MyProjects_2\robot_diagnostic3000\sensor.c
               __string_3   0x0026a8    program     static H:\MyProjects_2\robot_diagnostic3000\sumovore.c
              __string_30   0x0023ea    program     static H:\MyProjects_2\robot_diagnostic3000\process_command.c
              __string_31   0x0023ce    program     static H:\MyProjects_2\robot_diagnostic3000\process_command.c
              __string_32   0x0023b0    program     static H:\MyProjects_2\robot_diagnostic3000\process_command.c
              __string_33   0x002394    program     static H:\MyProjects_2\robot_diagnostic3000\process_command.c
              __string_34   0x00237f    program     static H:\MyProjects_2\robot_diagnostic3000\process_command.c
              __string_35   0x00236a    program     static H:\MyProjects_2\robot_diagnostic3000\process_command.c
              __string_36   0x00235b    program     static H:\MyProjects_2\robot_diagnostic3000\process_command.c
              __string_37   0x002338    program     static H:\MyProjects_2\robot_diagnostic3000\process_command.c
              __string_38   0x00232a    program     static H:\MyProjects_2\robot_diagnostic3000\process_command.c
              __string_39   0x00230e    program     static H:\MyProjects_2\robot_diagnostic3000\process_command.c
               __string_4   0x002640    program     static H:\MyProjects_2\robot_diagnostic3000\process_command.c
               __string_4   0x00269e    program     static H:\MyProjects_2\robot_diagnostic3000\sumovore.c
               __string_4   0x002a26    program     static H:\MyProjects_2\robot_diagnostic3000\sensor.c
               __string_4   0x002939    program     static H:\MyProjects_2\robot_diagnostic3000\menu.c
              __string_40   0x0022f0    program     static H:\MyProjects_2\robot_diagnostic3000\process_command.c
              __string_41   0x0022d4    program     static H:\MyProjects_2\robot_diagnostic3000\process_command.c
              __string_42   0x0022bf    program     static H:\MyProjects_2\robot_diagnostic3000\process_command.c
              __string_43   0x00229c    program     static H:\MyProjects_2\robot_diagnostic3000\process_command.c
              __string_44   0x002299    program     static H:\MyProjects_2\robot_diagnostic3000\process_command.c
              __string_45   0x002280    program     static H:\MyProjects_2\robot_diagnostic3000\process_command.c
              __string_46   0x00225c    program     static H:\MyProjects_2\robot_diagnostic3000\process_command.c
              __string_47   0x002239    program     static H:\MyProjects_2\robot_diagnostic3000\process_command.c
              __string_48   0x00220a    program     static H:\MyProjects_2\robot_diagnostic3000\process_command.c
              __string_49   0x0021d8    program     static H:\MyProjects_2\robot_diagnostic3000\process_command.c
               __string_5   0x00292a    program     static H:\MyProjects_2\robot_diagnostic3000\menu.c
               __string_5   0x002697    program     static H:\MyProjects_2\robot_diagnostic3000\sumovore.c
               __string_5   0x00262f    program     static H:\MyProjects_2\robot_diagnostic3000\process_command.c
               __string_5   0x002a02    program     static H:\MyProjects_2\robot_diagnostic3000\sensor.c
              __string_50   0x0021d3    program     static H:\MyProjects_2\robot_diagnostic3000\process_command.c
              __string_51   0x0021a7    program     static H:\MyProjects_2\robot_diagnostic3000\process_command.c
              __string_52   0x002187    program     static H:\MyProjects_2\robot_diagnostic3000\process_command.c
              __string_53   0x002171    program     static H:\MyProjects_2\robot_diagnostic3000\process_command.c
               __string_6   0x00291a    program     static H:\MyProjects_2\robot_diagnostic3000\menu.c
               __string_6   0x0029ef    program     static H:\MyProjects_2\robot_diagnostic3000\sensor.c
               __string_6   0x00261e    program     static H:\MyProjects_2\robot_diagnostic3000\process_command.c
               __string_7   0x00260d    program     static H:\MyProjects_2\robot_diagnostic3000\process_command.c
               __string_7   0x0029cf    program     static H:\MyProjects_2\robot_diagnostic3000\sensor.c
               __string_7   0x0028f6    program     static H:\MyProjects_2\robot_diagnostic3000\menu.c
               __string_8   0x0028e1    program     static H:\MyProjects_2\robot_diagnostic3000\menu.c
               __string_8   0x0025fc    program     static H:\MyProjects_2\robot_diagnostic3000\process_command.c
               __string_9   0x0028cd    program     static H:\MyProjects_2\robot_diagnostic3000\menu.c
               __string_9   0x0025eb    program     static H:\MyProjects_2\robot_diagnostic3000\process_command.c
               __tmplbl_0   0x00370c    program     static                          
               __tmplbl_1   0x003730    program     static                          
              __tmplbl_42   0x001ffc    program     static                          
              __tmplbl_43   0x001e44    program     static                          
              __tmplbl_44   0x001e2a    program     static                          
              __tmplbl_85   0x00157c    program     static                          
            __zero_memory   0x003e9a    program     extern C:\MCC18\src\traditional\proc\p18F4525.asm
                _do_cinit   0x003764    program     extern C:\MCC18\src\traditional\startup\c018i.c
                   _entry   0x000000    program     extern C:\MCC18\src\traditional\startup\c018i.c
                   _false   0x003cea    program     static                          
                 _startup   0x003e0e    program     extern C:\MCC18\src\traditional\startup\c018i.c
              _usart_putc   0x003e2a    program     extern C:\MCC18\src\pmc_common\USART\_usartpc.asm
               _user_putc   0x000006    program     extern C:\MCC18\src\traditional\stdclib\_user_putc.c
               abortcheck   0x00143c    program     extern H:\MyProjects_2\robot_diagnostic3000\process_command.c
                      adc   0x002d32    program     extern H:\MyProjects_2\robot_diagnostic3000\sumovore.c
      automatic_threshold   0x000d24    program     extern H:\MyProjects_2\robot_diagnostic3000\process_command.c
automatic_threshold_gap_cleft   0x001060    program     extern H:\MyProjects_2\robot_diagnostic3000\process_command.c
automatic_threshold_gap_cright   0x000ee8    program     extern H:\MyProjects_2\robot_diagnostic3000\process_command.c
automatic_threshold_gap_left   0x0011d8    program     extern H:\MyProjects_2\robot_diagnostic3000\process_command.c
automatic_threshold_gap_right   0x000d6e    program     extern H:\MyProjects_2\robot_diagnostic3000\process_command.c
             begin_state0   0x0035f6    program     extern H:\MyProjects_2\robot_diagnostic3000\jog2.c
                brake_all   0x0032d8    program     extern H:\MyProjects_2\robot_diagnostic3000\motor_control1.c
            check_sensors   0x002d5e    program     extern H:\MyProjects_2\robot_diagnostic3000\sumovore.c
               clear_loop   0x003ea0    program     static C:\MCC18\src\traditional\proc\p18F4525.asm
                    coast   0x0032dc    program     extern H:\MyProjects_2\robot_diagnostic3000\motor_control1.c
                copy_loop   0x0037d6    program     static                          
            copy_one_byte   0x0037dc    program     static                          
                     done   0x003800    program     static                          
             done_copying   0x0037ea    program     static                          
      get_command_MLchar3   0x00043c    program     extern H:\MyProjects_2\robot_diagnostic3000\process_command.c
  get_command_MLchar3_rev   0x0005dc    program     extern H:\MyProjects_2\robot_diagnostic3000\process_command.c
      get_command_MRchar3   0x00077c    program     extern H:\MyProjects_2\robot_diagnostic3000\process_command.c
  get_command_MRchar3_rev   0x000936    program     extern H:\MyProjects_2\robot_diagnostic3000\process_command.c
       get_command_Mchar2   0x000154    program     extern H:\MyProjects_2\robot_diagnostic3000\process_command.c
       get_command_Schar2   0x00025a    program     extern H:\MyProjects_2\robot_diagnostic3000\process_command.c
        get_command_char1   0x0000d8    program     extern H:\MyProjects_2\robot_diagnostic3000\process_command.c
            get_threshold   0x000af0    program     extern H:\MyProjects_2\robot_diagnostic3000\process_command.c
       get_threshold_next   0x000b8a    program     extern H:\MyProjects_2\robot_diagnostic3000\process_command.c
                 high_isr   0x003dc2    program     extern H:\MyProjects_2\robot_diagnostic3000\interrupts.c
           initialization   0x002b1e    program     extern H:\MyProjects_2\robot_diagnostic3000\sumovore.c
 interrupt_at_high_vector   0x000008    program     extern H:\MyProjects_2\robot_diagnostic3000\interrupts.c
                    isBOR   0x003ea8    program     extern C:\MCC18\src\pmc_common\reset\isbor.c
                    isPOR   0x003e5e    program     extern C:\MCC18\src\pmc_common\reset\ispor.c
                  isWDTTO   0x003e46    program     extern C:\MCC18\src\pmc_common\reset\iswdtto.c
                  isdigit   0x003dea    program     extern C:\MCC18\src\traditional\stdclib\isdigit.asm
                     jEnd   0x003aa0    program     static C:\MCC18\src\traditional\stdclib\strlen.asm
                     jEnd   0x003ad8    program     static C:\MCC18\src\traditional\stdclib\slenpgm.asm
                    jLoop   0x003ac0    program     static C:\MCC18\src\traditional\stdclib\slenpgm.asm
                    jLoop   0x003a96    program     static C:\MCC18\src\traditional\stdclib\strlen.asm
                   jMatch   0x003e0a    program     static C:\MCC18\src\traditional\stdclib\isdigit.asm
                 jNoMatch   0x003e0c    program     static C:\MCC18\src\traditional\stdclib\isdigit.asm
                      jog   0x0014aa    program     extern H:\MyProjects_2\robot_diagnostic3000\process_command.c
             jog_sequence   0x00359c    program     extern H:\MyProjects_2\robot_diagnostic3000\jog2.c
                     loop   0x003e3a    program     static C:\MCC18\src\pmc_common\USART\_usartpc.asm
                     loop   0x003e1e    program     static                          
                     loop   0x003cb6    program     static                          
             lvd_flag_set   0x003de4    program     extern H:\MyProjects_2\robot_diagnostic3000\interrupts.c
                     main   0x0036ae    program     extern H:\MyProjects_2\robot_diagnostic3000\main.c
              menu_Mchar2   0x002fea    program     extern H:\MyProjects_2\robot_diagnostic3000\menu.c
              menu_Mchar3   0x00305a    program     extern H:\MyProjects_2\robot_diagnostic3000\menu.c
              menu_Schar2   0x0030f6    program     extern H:\MyProjects_2\robot_diagnostic3000\menu.c
                 menu_top   0x002f38    program     extern H:\MyProjects_2\robot_diagnostic3000\menu.c
            motor_control   0x0031be    program     extern H:\MyProjects_2\robot_diagnostic3000\motor_control1.c
         motors_brake_all   0x002d08    program     extern H:\MyProjects_2\robot_diagnostic3000\sumovore.c
                  openLVD   0x002f04    program     extern H:\MyProjects_2\robot_diagnostic3000\sumovore.c
                openPORTA   0x002bf0    program     extern H:\MyProjects_2\robot_diagnostic3000\sumovore.c
                openPORTB   0x002bf6    program     extern H:\MyProjects_2\robot_diagnostic3000\sumovore.c
          openPORTCforPWM   0x002be2    program     extern H:\MyProjects_2\robot_diagnostic3000\sumovore.c
        openPORTCforUSART   0x002bdc    program     extern H:\MyProjects_2\robot_diagnostic3000\sumovore.c
                openPORTD   0x002bfc    program     extern H:\MyProjects_2\robot_diagnostic3000\sumovore.c
                openPORTE   0x002c02    program     extern H:\MyProjects_2\robot_diagnostic3000\sumovore.c
                   printf   0x003802    program     extern C:\MCC18\src\traditional\stdclib\printf.c
          process_command   0x000058    program     extern H:\MyProjects_2\robot_diagnostic3000\process_command.c
                     putc   0x003924    program     extern C:\MCC18\src\traditional\stdclib\putc.c
     quiet_sensor_reading   0x00351a    program     extern H:\MyProjects_2\robot_diagnostic3000\sensor.c
              read_sensor   0x0034d6    program     extern H:\MyProjects_2\robot_diagnostic3000\sensor.c
                 s_digits   0x003e88    program     static C:\MCC18\src\traditional\stdclib\vfprintf.c
            s_put_n_chars   0x001526    program     static C:\MCC18\src\traditional\stdclib\vfprintf.c
           sensor_reading   0x003412    program     extern H:\MyProjects_2\robot_diagnostic3000\sensor.c
          seq_done_state3   0x00369a    program     extern H:\MyProjects_2\robot_diagnostic3000\jog2.c
          seq_left_state1   0x00362e    program     extern H:\MyProjects_2\robot_diagnostic3000\jog2.c
         seq_right_state2   0x003666    program     extern H:\MyProjects_2\robot_diagnostic3000\jog2.c
                 set_leds   0x002e32    program     extern H:\MyProjects_2\robot_diagnostic3000\sumovore.c
          set_motor_speed   0x002c06    program     extern H:\MyProjects_2\robot_diagnostic3000\sumovore.c
            set_osc_32MHz   0x003c5a    program     extern H:\MyProjects_2\Functions\osc.c
                spin_left   0x003310    program     extern H:\MyProjects_2\robot_diagnostic3000\motor_control1.c
               spin_right   0x0033ac    program     extern H:\MyProjects_2\robot_diagnostic3000\motor_control1.c
             straight_fwd   0x003378    program     extern H:\MyProjects_2\robot_diagnostic3000\motor_control1.c
                   strlen   0x003a86    program     extern C:\MCC18\src\traditional\stdclib\strlen.asm
                strlenpgm   0x003aa2    program     extern C:\MCC18\src\traditional\stdclib\slenpgm.asm
                     test   0x00377e    program     static                          
                turn_left   0x003344    program     extern H:\MyProjects_2\robot_diagnostic3000\motor_control1.c
               turn_right   0x0033de    program     extern H:\MyProjects_2\robot_diagnostic3000\motor_control1.c
                 vfprintf   0x001552    program     extern C:\MCC18\src\traditional\stdclib\vfprintf.c
                   ADCON0   0x000fc2       data     extern C:\MCC18\src\traditional\proc\p18F4525.asm
               ADCON0bits   0x000fc2       data     extern C:\MCC18\src\traditional\proc\p18F4525.asm
                   ADCON1   0x000fc1       data     extern C:\MCC18\src\traditional\proc\p18F4525.asm
               ADCON1bits   0x000fc1       data     extern C:\MCC18\src\traditional\proc\p18F4525.asm
                   ADCON2   0x000fc0       data     extern C:\MCC18\src\traditional\proc\p18F4525.asm
               ADCON2bits   0x000fc0       data     extern C:\MCC18\src\traditional\proc\p18F4525.asm
                    ADRES   0x000fc3       data     extern C:\MCC18\src\traditional\proc\p18F4525.asm
                   ADRESH   0x000fc4       data     extern C:\MCC18\src\traditional\proc\p18F4525.asm
                   ADRESL   0x000fc3       data     extern C:\MCC18\src\traditional\proc\p18F4525.asm
                  BAUDCON   0x000fb8       data     extern C:\MCC18\src\traditional\proc\p18F4525.asm
              BAUDCONbits   0x000fb8       data     extern C:\MCC18\src\traditional\proc\p18F4525.asm
                  BAUDCTL   0x000fb8       data     extern C:\MCC18\src\traditional\proc\p18F4525.asm
              BAUDCTLbits   0x000fb8       data     extern C:\MCC18\src\traditional\proc\p18F4525.asm
                      BSR   0x000fe0       data     extern C:\MCC18\src\traditional\proc\p18F4525.asm
                  CCP1CON   0x000fbd       data     extern C:\MCC18\src\traditional\proc\p18F4525.asm
              CCP1CONbits   0x000fbd       data     extern C:\MCC18\src\traditional\proc\p18F4525.asm
                  CCP2CON   0x000fba       data     extern C:\MCC18\src\traditional\proc\p18F4525.asm
              CCP2CONbits   0x000fba       data     extern C:\MCC18\src\traditional\proc\p18F4525.asm
                    CCPR1   0x000fbe       data     extern C:\MCC18\src\traditional\proc\p18F4525.asm
                   CCPR1H   0x000fbf       data     extern C:\MCC18\src\traditional\proc\p18F4525.asm
                   CCPR1L   0x000fbe       data     extern C:\MCC18\src\traditional\proc\p18F4525.asm
                    CCPR2   0x000fbb       data     extern C:\MCC18\src\traditional\proc\p18F4525.asm
                   CCPR2H   0x000fbc       data     extern C:\MCC18\src\traditional\proc\p18F4525.asm
                   CCPR2L   0x000fbb       data     extern C:\MCC18\src\traditional\proc\p18F4525.asm
                    CMCON   0x000fb4       data     extern C:\MCC18\src\traditional\proc\p18F4525.asm
                CMCONbits   0x000fb4       data     extern C:\MCC18\src\traditional\proc\p18F4525.asm
                   CVRCON   0x000fb5       data     extern C:\MCC18\src\traditional\proc\p18F4525.asm
               CVRCONbits   0x000fb5       data     extern C:\MCC18\src\traditional\proc\p18F4525.asm
                     DDRA   0x000f92       data     extern C:\MCC18\src\traditional\proc\p18F4525.asm
                 DDRAbits   0x000f92       data     extern C:\MCC18\src\traditional\proc\p18F4525.asm
                     DDRB   0x000f93       data     extern C:\MCC18\src\traditional\proc\p18F4525.asm
                 DDRBbits   0x000f93       data     extern C:\MCC18\src\traditional\proc\p18F4525.asm
                     DDRC   0x000f94       data     extern C:\MCC18\src\traditional\proc\p18F4525.asm
                 DDRCbits   0x000f94       data     extern C:\MCC18\src\traditional\proc\p18F4525.asm
                     DDRD   0x000f95       data     extern C:\MCC18\src\traditional\proc\p18F4525.asm
                 DDRDbits   0x000f95       data     extern C:\MCC18\src\traditional\proc\p18F4525.asm
                     DDRE   0x000f96       data     extern C:\MCC18\src\traditional\proc\p18F4525.asm
                 DDREbits   0x000f96       data     extern C:\MCC18\src\traditional\proc\p18F4525.asm
                    DEBUG   0x000fd4       data     extern C:\MCC18\src\traditional\proc\p18F4525.asm
                  ECCP1AS   0x000fb6       data     extern C:\MCC18\src\traditional\proc\p18F4525.asm
              ECCP1ASbits   0x000fb6       data     extern C:\MCC18\src\traditional\proc\p18F4525.asm
                   ECCPAS   0x000fb6       data     extern C:\MCC18\src\traditional\proc\p18F4525.asm
               ECCPASbits   0x000fb6       data     extern C:\MCC18\src\traditional\proc\p18F4525.asm
                    EEADR   0x000fa9       data     extern C:\MCC18\src\traditional\proc\p18F4525.asm
                   EEADRH   0x000faa       data     extern C:\MCC18\src\traditional\proc\p18F4525.asm
                   EECON1   0x000fa6       data     extern C:\MCC18\src\traditional\proc\p18F4525.asm
               EECON1bits   0x000fa6       data     extern C:\MCC18\src\traditional\proc\p18F4525.asm
                   EECON2   0x000fa7       data     extern C:\MCC18\src\traditional\proc\p18F4525.asm
                   EEDATA   0x000fa8       data     extern C:\MCC18\src\traditional\proc\p18F4525.asm
                     FSR0   0x000fe9       data     extern C:\MCC18\src\traditional\proc\p18F4525.asm
                    FSR0H   0x000fea       data     extern C:\MCC18\src\traditional\proc\p18F4525.asm
                    FSR0L   0x000fe9       data     extern C:\MCC18\src\traditional\proc\p18F4525.asm
                     FSR1   0x000fe1       data     extern C:\MCC18\src\traditional\proc\p18F4525.asm
                    FSR1H   0x000fe2       data     extern C:\MCC18\src\traditional\proc\p18F4525.asm
                    FSR1L   0x000fe1       data     extern C:\MCC18\src\traditional\proc\p18F4525.asm
                     FSR2   0x000fd9       data     extern C:\MCC18\src\traditional\proc\p18F4525.asm
                    FSR2H   0x000fda       data     extern C:\MCC18\src\traditional\proc\p18F4525.asm
                    FSR2L   0x000fd9       data     extern C:\MCC18\src\traditional\proc\p18F4525.asm
                  HLVDCON   0x000fd2       data     extern C:\MCC18\src\traditional\proc\p18F4525.asm
              HLVDCONbits   0x000fd2       data     extern C:\MCC18\src\traditional\proc\p18F4525.asm
                    INDF0   0x000fef       data     extern C:\MCC18\src\traditional\proc\p18F4525.asm
                    INDF1   0x000fe7       data     extern C:\MCC18\src\traditional\proc\p18F4525.asm
                    INDF2   0x000fdf       data     extern C:\MCC18\src\traditional\proc\p18F4525.asm
                   INTCON   0x000ff2       data     extern C:\MCC18\src\traditional\proc\p18F4525.asm
                  INTCON2   0x000ff1       data     extern C:\MCC18\src\traditional\proc\p18F4525.asm
              INTCON2bits   0x000ff1       data     extern C:\MCC18\src\traditional\proc\p18F4525.asm
                  INTCON3   0x000ff0       data     extern C:\MCC18\src\traditional\proc\p18F4525.asm
              INTCON3bits   0x000ff0       data     extern C:\MCC18\src\traditional\proc\p18F4525.asm
               INTCONbits   0x000ff2       data     extern C:\MCC18\src\traditional\proc\p18F4525.asm
                     IPR1   0x000f9f       data     extern C:\MCC18\src\traditional\proc\p18F4525.asm
                 IPR1bits   0x000f9f       data     extern C:\MCC18\src\traditional\proc\p18F4525.asm
                     IPR2   0x000fa2       data     extern C:\MCC18\src\traditional\proc\p18F4525.asm
                 IPR2bits   0x000fa2       data     extern C:\MCC18\src\traditional\proc\p18F4525.asm
                     LATA   0x000f89       data     extern C:\MCC18\src\traditional\proc\p18F4525.asm
                 LATAbits   0x000f89       data     extern C:\MCC18\src\traditional\proc\p18F4525.asm
                     LATB   0x000f8a       data     extern C:\MCC18\src\traditional\proc\p18F4525.asm
                 LATBbits   0x000f8a       data     extern C:\MCC18\src\traditional\proc\p18F4525.asm
                     LATC   0x000f8b       data     extern C:\MCC18\src\traditional\proc\p18F4525.asm
                 LATCbits   0x000f8b       data     extern C:\MCC18\src\traditional\proc\p18F4525.asm
                     LATD   0x000f8c       data     extern C:\MCC18\src\traditional\proc\p18F4525.asm
                 LATDbits   0x000f8c       data     extern C:\MCC18\src\traditional\proc\p18F4525.asm
                     LATE   0x000f8d       data     extern C:\MCC18\src\traditional\proc\p18F4525.asm
                 LATEbits   0x000f8d       data     extern C:\MCC18\src\traditional\proc\p18F4525.asm
                  LMspeed   0x000081       data     extern H:\MyProjects_2\robot_diagnostic3000\process_command.c
                   LVDCON   0x000fd2       data     extern C:\MCC18\src\traditional\proc\p18F4525.asm
               LVDCONbits   0x000fd2       data     extern C:\MCC18\src\traditional\proc\p18F4525.asm
                   OSCCON   0x000fd3       data     extern C:\MCC18\src\traditional\proc\p18F4525.asm
               OSCCONbits   0x000fd3       data     extern C:\MCC18\src\traditional\proc\p18F4525.asm
                  OSCTUNE   0x000f9b       data     extern C:\MCC18\src\traditional\proc\p18F4525.asm
              OSCTUNEbits   0x000f9b       data     extern C:\MCC18\src\traditional\proc\p18F4525.asm
                       PC   0x000ff9       data     extern C:\MCC18\src\traditional\proc\p18F4525.asm
                      PCL   0x000ff9       data     extern C:\MCC18\src\traditional\proc\p18F4525.asm
                   PCLATH   0x000ffa       data     extern C:\MCC18\src\traditional\proc\p18F4525.asm
                   PCLATU   0x000ffb       data     extern C:\MCC18\src\traditional\proc\p18F4525.asm
                     PIE1   0x000f9d       data     extern C:\MCC18\src\traditional\proc\p18F4525.asm
                 PIE1bits   0x000f9d       data     extern C:\MCC18\src\traditional\proc\p18F4525.asm
                     PIE2   0x000fa0       data     extern C:\MCC18\src\traditional\proc\p18F4525.asm
                 PIE2bits   0x000fa0       data     extern C:\MCC18\src\traditional\proc\p18F4525.asm
                     PIR1   0x000f9e       data     extern C:\MCC18\src\traditional\proc\p18F4525.asm
                 PIR1bits   0x000f9e       data     extern C:\MCC18\src\traditional\proc\p18F4525.asm
                     PIR2   0x000fa1       data     extern C:\MCC18\src\traditional\proc\p18F4525.asm
                 PIR2bits   0x000fa1       data     extern C:\MCC18\src\traditional\proc\p18F4525.asm
                   PLUSW0   0x000feb       data     extern C:\MCC18\src\traditional\proc\p18F4525.asm
                   PLUSW1   0x000fe3       data     extern C:\MCC18\src\traditional\proc\p18F4525.asm
                   PLUSW2   0x000fdb       data     extern C:\MCC18\src\traditional\proc\p18F4525.asm
                    PORTA   0x000f80       data     extern C:\MCC18\src\traditional\proc\p18F4525.asm
                PORTAbits   0x000f80       data     extern C:\MCC18\src\traditional\proc\p18F4525.asm
                    PORTB   0x000f81       data     extern C:\MCC18\src\traditional\proc\p18F4525.asm
                PORTBbits   0x000f81       data     extern C:\MCC18\src\traditional\proc\p18F4525.asm
                    PORTC   0x000f82       data     extern C:\MCC18\src\traditional\proc\p18F4525.asm
                PORTCbits   0x000f82       data     extern C:\MCC18\src\traditional\proc\p18F4525.asm
                    PORTD   0x000f83       data     extern C:\MCC18\src\traditional\proc\p18F4525.asm
                PORTDbits   0x000f83       data     extern C:\MCC18\src\traditional\proc\p18F4525.asm
                    PORTE   0x000f84       data     extern C:\MCC18\src\traditional\proc\p18F4525.asm
                PORTEbits   0x000f84       data     extern C:\MCC18\src\traditional\proc\p18F4525.asm
                 POSTDEC0   0x000fed       data     extern C:\MCC18\src\traditional\proc\p18F4525.asm
                 POSTDEC1   0x000fe5       data     extern C:\MCC18\src\traditional\proc\p18F4525.asm
                 POSTDEC2   0x000fdd       data     extern C:\MCC18\src\traditional\proc\p18F4525.asm
                 POSTINC0   0x000fee       data     extern C:\MCC18\src\traditional\proc\p18F4525.asm
                 POSTINC1   0x000fe6       data     extern C:\MCC18\src\traditional\proc\p18F4525.asm
                 POSTINC2   0x000fde       data     extern C:\MCC18\src\traditional\proc\p18F4525.asm
                      PR2   0x000fcb       data     extern C:\MCC18\src\traditional\proc\p18F4525.asm
                  PREINC0   0x000fec       data     extern C:\MCC18\src\traditional\proc\p18F4525.asm
                  PREINC1   0x000fe4       data     extern C:\MCC18\src\traditional\proc\p18F4525.asm
                  PREINC2   0x000fdc       data     extern C:\MCC18\src\traditional\proc\p18F4525.asm
                     PROD   0x000ff3       data     extern C:\MCC18\src\traditional\proc\p18F4525.asm
                    PRODH   0x000ff4       data     extern C:\MCC18\src\traditional\proc\p18F4525.asm
                    PRODL   0x000ff3       data     extern C:\MCC18\src\traditional\proc\p18F4525.asm
                  PWM1CON   0x000fb7       data     extern C:\MCC18\src\traditional\proc\p18F4525.asm
              PWM1CONbits   0x000fb7       data     extern C:\MCC18\src\traditional\proc\p18F4525.asm
                     RCON   0x000fd0       data     extern C:\MCC18\src\traditional\proc\p18F4525.asm
                 RCONbits   0x000fd0       data     extern C:\MCC18\src\traditional\proc\p18F4525.asm
                    RCREG   0x000fae       data     extern C:\MCC18\src\traditional\proc\p18F4525.asm
                    RCSTA   0x000fab       data     extern C:\MCC18\src\traditional\proc\p18F4525.asm
                RCSTAbits   0x000fab       data     extern C:\MCC18\src\traditional\proc\p18F4525.asm
                  RMspeed   0x000082       data     extern H:\MyProjects_2\robot_diagnostic3000\process_command.c
                     SIGN   0x000000       data     extern C:\MCC18\src\traditional\math\cmath18.asm
                    SPBRG   0x000faf       data     extern C:\MCC18\src\traditional\proc\p18F4525.asm
                   SPBRGH   0x000fb0       data     extern C:\MCC18\src\traditional\proc\p18F4525.asm
                   SSPADD   0x000fc8       data     extern C:\MCC18\src\traditional\proc\p18F4525.asm
                   SSPBUF   0x000fc9       data     extern C:\MCC18\src\traditional\proc\p18F4525.asm
                  SSPCON1   0x000fc6       data     extern C:\MCC18\src\traditional\proc\p18F4525.asm
              SSPCON1bits   0x000fc6       data     extern C:\MCC18\src\traditional\proc\p18F4525.asm
                  SSPCON2   0x000fc5       data     extern C:\MCC18\src\traditional\proc\p18F4525.asm
              SSPCON2bits   0x000fc5       data     extern C:\MCC18\src\traditional\proc\p18F4525.asm
                  SSPSTAT   0x000fc7       data     extern C:\MCC18\src\traditional\proc\p18F4525.asm
              SSPSTATbits   0x000fc7       data     extern C:\MCC18\src\traditional\proc\p18F4525.asm
                   STATUS   0x000fd8       data     extern C:\MCC18\src\traditional\proc\p18F4525.asm
               STATUSbits   0x000fd8       data     extern C:\MCC18\src\traditional\proc\p18F4525.asm
                   STKPTR   0x000ffc       data     extern C:\MCC18\src\traditional\proc\p18F4525.asm
               STKPTRbits   0x000ffc       data     extern C:\MCC18\src\traditional\proc\p18F4525.asm
                  SeeLine   0x00009b       data     extern H:\MyProjects_2\robot_diagnostic3000\sumovore.c
                    T0CON   0x000fd5       data     extern C:\MCC18\src\traditional\proc\p18F4525.asm
                T0CONbits   0x000fd5       data     extern C:\MCC18\src\traditional\proc\p18F4525.asm
                    T1CON   0x000fcd       data     extern C:\MCC18\src\traditional\proc\p18F4525.asm
                T1CONbits   0x000fcd       data     extern C:\MCC18\src\traditional\proc\p18F4525.asm
                    T2CON   0x000fca       data     extern C:\MCC18\src\traditional\proc\p18F4525.asm
                T2CONbits   0x000fca       data     extern C:\MCC18\src\traditional\proc\p18F4525.asm
                    T3CON   0x000fb1       data     extern C:\MCC18\src\traditional\proc\p18F4525.asm
                T3CONbits   0x000fb1       data     extern C:\MCC18\src\traditional\proc\p18F4525.asm
                   TABLAT   0x000ff5       data     extern C:\MCC18\src\traditional\proc\p18F4525.asm
                   TBLPTR   0x000ff6       data     extern C:\MCC18\src\traditional\proc\p18F4525.asm
                  TBLPTRH   0x000ff7       data     extern C:\MCC18\src\traditional\proc\p18F4525.asm
                  TBLPTRL   0x000ff6       data     extern C:\MCC18\src\traditional\proc\p18F4525.asm
                  TBLPTRU   0x000ff8       data     extern C:\MCC18\src\traditional\proc\p18F4525.asm
                    TMR0H   0x000fd7       data     extern C:\MCC18\src\traditional\proc\p18F4525.asm
                    TMR0L   0x000fd6       data     extern C:\MCC18\src\traditional\proc\p18F4525.asm
                    TMR1H   0x000fcf       data     extern C:\MCC18\src\traditional\proc\p18F4525.asm
                    TMR1L   0x000fce       data     extern C:\MCC18\src\traditional\proc\p18F4525.asm
                     TMR2   0x000fcc       data     extern C:\MCC18\src\traditional\proc\p18F4525.asm
                    TMR3H   0x000fb3       data     extern C:\MCC18\src\traditional\proc\p18F4525.asm
                    TMR3L   0x000fb2       data     extern C:\MCC18\src\traditional\proc\p18F4525.asm
                      TOS   0x000ffd       data     extern C:\MCC18\src\traditional\proc\p18F4525.asm
                     TOSH   0x000ffe       data     extern C:\MCC18\src\traditional\proc\p18F4525.asm
                     TOSL   0x000ffd       data     extern C:\MCC18\src\traditional\proc\p18F4525.asm
                     TOSU   0x000fff       data     extern C:\MCC18\src\traditional\proc\p18F4525.asm
                    TRISA   0x000f92       data     extern C:\MCC18\src\traditional\proc\p18F4525.asm
                TRISAbits   0x000f92       data     extern C:\MCC18\src\traditional\proc\p18F4525.asm
                    TRISB   0x000f93       data     extern C:\MCC18\src\traditional\proc\p18F4525.asm
                TRISBbits   0x000f93       data     extern C:\MCC18\src\traditional\proc\p18F4525.asm
                    TRISC   0x000f94       data     extern C:\MCC18\src\traditional\proc\p18F4525.asm
                TRISCbits   0x000f94       data     extern C:\MCC18\src\traditional\proc\p18F4525.asm
                    TRISD   0x000f95       data     extern C:\MCC18\src\traditional\proc\p18F4525.asm
                TRISDbits   0x000f95       data     extern C:\MCC18\src\traditional\proc\p18F4525.asm
                    TRISE   0x000f96       data     extern C:\MCC18\src\traditional\proc\p18F4525.asm
                TRISEbits   0x000f96       data     extern C:\MCC18\src\traditional\proc\p18F4525.asm
                    TXREG   0x000fad       data     extern C:\MCC18\src\traditional\proc\p18F4525.asm
                    TXSTA   0x000fac       data     extern C:\MCC18\src\traditional\proc\p18F4525.asm
                TXSTAbits   0x000fac       data     extern C:\MCC18\src\traditional\proc\p18F4525.asm
             USART_Status   0x0000c1       data     extern C:\MCC18\src\pmc_common\USART\udefs.c
                        W   0x000fe8       data     extern C:\MCC18\src\traditional\proc\p18F4525.asm
                   WDTCON   0x000fd1       data     extern C:\MCC18\src\traditional\proc\p18F4525.asm
               WDTCONbits   0x000fd1       data     extern C:\MCC18\src\traditional\proc\p18F4525.asm
                     WREG   0x000fe8       data     extern C:\MCC18\src\traditional\proc\p18F4525.asm
                 __AARGB0   0x000009       data     extern C:\MCC18\src\traditional\math\aarg.asm
                 __AARGB1   0x000008       data     extern C:\MCC18\src\traditional\math\aarg.asm
                 __AARGB2   0x000007       data     extern C:\MCC18\src\traditional\math\aarg.asm
                 __AARGB3   0x000006       data     extern C:\MCC18\src\traditional\math\aarg.asm
                 __AARGB4   0x000005       data     extern C:\MCC18\src\traditional\math\aarg.asm
                 __AARGB5   0x000004       data     extern C:\MCC18\src\traditional\math\aarg.asm
                 __AARGB6   0x000003       data     extern C:\MCC18\src\traditional\math\aarg.asm
                 __AARGB7   0x000002       data     extern C:\MCC18\src\traditional\math\aarg.asm
                   __AEXP   0x00000a       data     extern C:\MCC18\src\traditional\math\aarg.asm
                 __BARGB0   0x00000e       data     extern C:\MCC18\src\traditional\math\barg.asm
                 __BARGB1   0x00000d       data     extern C:\MCC18\src\traditional\math\barg.asm
                 __BARGB2   0x00000c       data     extern C:\MCC18\src\traditional\math\barg.asm
                 __BARGB3   0x00000b       data     extern C:\MCC18\src\traditional\math\barg.asm
                   __BEXP   0x00000f       data     extern C:\MCC18\src\traditional\math\barg.asm
                __FPFLAGS   0x000001       data     extern C:\MCC18\src\traditional\math\cmath18.asm
            __FPFLAGSbits   0x000001       data     extern C:\MCC18\src\traditional\math\cmath18.asm
                  __REMB0   0x000005       data     extern C:\MCC18\src\traditional\math\aarg.asm
                  __REMB1   0x000004       data     extern C:\MCC18\src\traditional\math\aarg.asm
                  __REMB2   0x000003       data     extern C:\MCC18\src\traditional\math\aarg.asm
                  __REMB3   0x000002       data     extern C:\MCC18\src\traditional\math\aarg.asm
                   __TEMP   0x000013       data     extern C:\MCC18\src\traditional\math\temparg.asm
                 __TEMPB0   0x000013       data     extern C:\MCC18\src\traditional\math\temparg.asm
                 __TEMPB1   0x000012       data     extern C:\MCC18\src\traditional\math\temparg.asm
                 __TEMPB2   0x000011       data     extern C:\MCC18\src\traditional\math\temparg.asm
                 __TEMPB3   0x000010       data     extern C:\MCC18\src\traditional\math\temparg.asm
                  __tmp_0   0x000014       data     static C:\MCC18\src\traditional\stdclib\putc.c
                  __tmp_0   0x000014       data     static C:\MCC18\src\traditional\stdclib\vfprintf.c
                  __tmp_0   0x000014       data     static C:\MCC18\src\traditional\stdclib\printf.c
                  __tmp_0   0x000014       data     static C:\MCC18\src\pmc_common\PWM\pw2setdc.c
                  __tmp_0   0x000014       data     static C:\MCC18\src\pmc_common\PWM\pw1setdc.c
                  __tmp_0   0x000014       data     static C:\MCC18\src\pmc_common\ADC\adcsetch.c
                  __tmp_0   0x000014       data     static C:\MCC18\src\pmc_common\ADC\adcread.c
                  __tmp_0   0x000014       data     static C:\MCC18\src\pmc_common\USART\uopen.c
                  __tmp_0   0x000014       data     static C:\MCC18\src\pmc_common\ADC\adcopen.c
                  __tmp_0   0x000014       data     static H:\MyProjects_2\Functions\osc.c
                  __tmp_0   0x000014       data     static H:\MyProjects_2\robot_diagnostic3000\main.c
                  __tmp_0   0x000014       data     static H:\MyProjects_2\robot_diagnostic3000\sensor.c
                  __tmp_0   0x000014       data     static H:\MyProjects_2\robot_diagnostic3000\sumovore.c
                  __tmp_0   0x000014       data     static H:\MyProjects_2\robot_diagnostic3000\process_command.c
                auto_mode   0x000096       data     static H:\MyProjects_2\robot_diagnostic3000\process_command.c
                    count   0x0000b9       data     extern H:\MyProjects_2\robot_diagnostic3000\motor_control1.c
                curr_byte   0x0000ad       data     static C:\MCC18\src\traditional\startup\c018i.c
               curr_entry   0x0000af       data     static C:\MCC18\src\traditional\startup\c018i.c
                    cycle   0x0000b7       data     static H:\MyProjects_2\robot_diagnostic3000\jog2.c
                 data_ptr   0x0000b1       data     static C:\MCC18\src\traditional\startup\c018i.c
             data_to_send   0x000080       data     extern H:\MyProjects_2\robot_diagnostic3000\process_command.c
              get_command   0x000093       data     static H:\MyProjects_2\robot_diagnostic3000\process_command.c
                jog_count   0x000099       data     static H:\MyProjects_2\robot_diagnostic3000\process_command.c
                jog_state   0x0000b4       data     static H:\MyProjects_2\robot_diagnostic3000\jog2.c
                 lvd_flag   0x0000c2       data     static H:\MyProjects_2\robot_diagnostic3000\interrupts.c
                 min_diff   0x000083       data     static H:\MyProjects_2\robot_diagnostic3000\process_command.c
             motor_speeds   0x00009c       data     static H:\MyProjects_2\robot_diagnostic3000\sumovore.c
                near_peak   0x000097       data     static H:\MyProjects_2\robot_diagnostic3000\process_command.c
                     prom   0x0000aa       data     static C:\MCC18\src\traditional\startup\c018i.c
                   stdout   0x0000bf       data     extern C:\MCC18\src\traditional\stdclib\stdout.c
                threshold   0x0000bd       data     extern H:\MyProjects_2\robot_diagnostic3000\sumovore.c
                    value   0x00008b       data     static H:\MyProjects_2\robot_diagnostic3000\process_command.c



                              Symbols - Sorted by Address
                     Name    Address   Location    Storage File                     
                ---------  ---------  ---------  --------- ---------                
                   _entry   0x000000    program     extern C:\MCC18\src\traditional\startup\c018i.c
       ___return_lbl00000   0x000004    program     static                          
               _user_putc   0x000006    program     extern C:\MCC18\src\traditional\stdclib\_user_putc.c
 interrupt_at_high_vector   0x000008    program     extern H:\MyProjects_2\robot_diagnostic3000\interrupts.c
       ___return_lbl00000   0x00000c    program     static                          
          process_command   0x000058    program     extern H:\MyProjects_2\robot_diagnostic3000\process_command.c
        get_command_char1   0x0000d8    program     extern H:\MyProjects_2\robot_diagnostic3000\process_command.c
       get_command_Mchar2   0x000154    program     extern H:\MyProjects_2\robot_diagnostic3000\process_command.c
       get_command_Schar2   0x00025a    program     extern H:\MyProjects_2\robot_diagnostic3000\process_command.c
      get_command_MLchar3   0x00043c    program     extern H:\MyProjects_2\robot_diagnostic3000\process_command.c
  get_command_MLchar3_rev   0x0005dc    program     extern H:\MyProjects_2\robot_diagnostic3000\process_command.c
      get_command_MRchar3   0x00077c    program     extern H:\MyProjects_2\robot_diagnostic3000\process_command.c
  get_command_MRchar3_rev   0x000936    program     extern H:\MyProjects_2\robot_diagnostic3000\process_command.c
            get_threshold   0x000af0    program     extern H:\MyProjects_2\robot_diagnostic3000\process_command.c
       get_threshold_next   0x000b8a    program     extern H:\MyProjects_2\robot_diagnostic3000\process_command.c
      automatic_threshold   0x000d24    program     extern H:\MyProjects_2\robot_diagnostic3000\process_command.c
automatic_threshold_gap_right   0x000d6e    program     extern H:\MyProjects_2\robot_diagnostic3000\process_command.c
automatic_threshold_gap_cright   0x000ee8    program     extern H:\MyProjects_2\robot_diagnostic3000\process_command.c
automatic_threshold_gap_cleft   0x001060    program     extern H:\MyProjects_2\robot_diagnostic3000\process_command.c
automatic_threshold_gap_left   0x0011d8    program     extern H:\MyProjects_2\robot_diagnostic3000\process_command.c
               abortcheck   0x00143c    program     extern H:\MyProjects_2\robot_diagnostic3000\process_command.c
                      jog   0x0014aa    program     extern H:\MyProjects_2\robot_diagnostic3000\process_command.c
            s_put_n_chars   0x001526    program     static C:\MCC18\src\traditional\stdclib\vfprintf.c
                 vfprintf   0x001552    program     extern C:\MCC18\src\traditional\stdclib\vfprintf.c
              __tmplbl_85   0x00157c    program     static                          
              __tmplbl_44   0x001e2a    program     static                          
              __tmplbl_43   0x001e44    program     static                          
                   __pa_0   0x001e66    program     static C:\MCC18\src\traditional\stdclib\vfprintf.c
                   __pa_1   0x001e6e    program     static C:\MCC18\src\traditional\stdclib\vfprintf.c
                   __pa_2   0x001e78    program     static C:\MCC18\src\traditional\stdclib\vfprintf.c
                   __pa_3   0x001e82    program     static C:\MCC18\src\traditional\stdclib\vfprintf.c
                   __pa_4   0x001e9a    program     static C:\MCC18\src\traditional\stdclib\vfprintf.c
                   __pa_5   0x001eae    program     static C:\MCC18\src\traditional\stdclib\vfprintf.c
                   __pa_6   0x001eca    program     static C:\MCC18\src\traditional\stdclib\vfprintf.c
                   __pa_7   0x001ed4    program     static C:\MCC18\src\traditional\stdclib\vfprintf.c
                   __pa_8   0x001ee0    program     static C:\MCC18\src\traditional\stdclib\vfprintf.c
                   __pa_9   0x001f02    program     static C:\MCC18\src\traditional\stdclib\vfprintf.c
                  __pa_10   0x001f22    program     static C:\MCC18\src\traditional\stdclib\vfprintf.c
                  __pa_11   0x001f30    program     static C:\MCC18\src\traditional\stdclib\vfprintf.c
                  __pa_12   0x001f46    program     static C:\MCC18\src\traditional\stdclib\vfprintf.c
                  __pa_13   0x001f60    program     static C:\MCC18\src\traditional\stdclib\vfprintf.c
                  __pa_14   0x001f78    program     static C:\MCC18\src\traditional\stdclib\vfprintf.c
                  __pa_15   0x001f88    program     static C:\MCC18\src\traditional\stdclib\vfprintf.c
                  __pa_16   0x001f9e    program     static C:\MCC18\src\traditional\stdclib\vfprintf.c
                  __pa_17   0x001fb0    program     static C:\MCC18\src\traditional\stdclib\vfprintf.c
                  __pa_18   0x001fc2    program     static C:\MCC18\src\traditional\stdclib\vfprintf.c
                  __pa_19   0x001fcc    program     static C:\MCC18\src\traditional\stdclib\vfprintf.c
                  __pa_20   0x001fdc    program     static C:\MCC18\src\traditional\stdclib\vfprintf.c
                  __pa_21   0x001fec    program     static C:\MCC18\src\traditional\stdclib\vfprintf.c
              __tmplbl_42   0x001ffc    program     static                          
                  __pa_22   0x001ffc    program     static C:\MCC18\src\traditional\stdclib\vfprintf.c
                  __pa_23   0x002008    program     static C:\MCC18\src\traditional\stdclib\vfprintf.c
                  __pa_24   0x002016    program     static C:\MCC18\src\traditional\stdclib\vfprintf.c
                  __pa_25   0x00201e    program     static C:\MCC18\src\traditional\stdclib\vfprintf.c
                  __pa_26   0x002028    program     static C:\MCC18\src\traditional\stdclib\vfprintf.c
                  __pa_27   0x002032    program     static C:\MCC18\src\traditional\stdclib\vfprintf.c
                  __pa_28   0x00203a    program     static C:\MCC18\src\traditional\stdclib\vfprintf.c
                  __pa_29   0x002048    program     static C:\MCC18\src\traditional\stdclib\vfprintf.c
                  __pa_30   0x002064    program     static C:\MCC18\src\traditional\stdclib\vfprintf.c
                  __pa_31   0x00207e    program     static C:\MCC18\src\traditional\stdclib\vfprintf.c
                  __pa_32   0x002098    program     static C:\MCC18\src\traditional\stdclib\vfprintf.c
                  __pa_33   0x0020b0    program     static C:\MCC18\src\traditional\stdclib\vfprintf.c
                  __pa_34   0x0020ba    program     static C:\MCC18\src\traditional\stdclib\vfprintf.c
                  __pa_35   0x0020c8    program     static C:\MCC18\src\traditional\stdclib\vfprintf.c
                  __pa_36   0x0020d0    program     static C:\MCC18\src\traditional\stdclib\vfprintf.c
                  __pa_37   0x0020da    program     static C:\MCC18\src\traditional\stdclib\vfprintf.c
                  __pa_38   0x0020ea    program     static C:\MCC18\src\traditional\stdclib\vfprintf.c
                  __pa_39   0x0020f8    program     static C:\MCC18\src\traditional\stdclib\vfprintf.c
                  __pa_40   0x002104    program     static C:\MCC18\src\traditional\stdclib\vfprintf.c
                  __pa_41   0x002110    program     static C:\MCC18\src\traditional\stdclib\vfprintf.c
[...]
                threshold   0x0000bd       data     extern H:\MyProjects_2\robot_diagnostic3000\sumovore.c
                   stdout   0x0000bf       data     extern C:\MCC18\src\traditional\stdclib\stdout.c
             USART_Status   0x0000c1       data     extern C:\MCC18\src\pmc_common\USART\udefs.c
                 lvd_flag   0x0000c2       data     static H:\MyProjects_2\robot_diagnostic3000\interrupts.c
                    PORTA   0x000f80       data     extern C:\MCC18\src\traditional\proc\p18F4525.asm
                PORTAbits   0x000f80       data     extern C:\MCC18\src\traditional\proc\p18F4525.asm
                PORTBbits   0x000f81       data     extern C:\MCC18\src\traditional\proc\p18F4525.asm
                    PORTB   0x000f81       data     extern C:\MCC18\src\traditional\proc\p18F4525.asm
                    PORTC   0x000f82       data     extern C:\MCC18\src\traditional\proc\p18F4525.asm
                PORTCbits   0x000f82       data     extern C:\MCC18\src\traditional\proc\p18F4525.asm
                PORTDbits   0x000f83       data     extern C:\MCC18\src\traditional\proc\p18F4525.asm
                    PORTD   0x000f83       data     extern C:\MCC18\src\traditional\proc\p18F4525.asm
                PORTEbits   0x000f84       data     extern C:\MCC18\src\traditional\proc\p18F4525.asm
                    PORTE   0x000f84       data     extern C:\MCC18\src\traditional\proc\p18F4525.asm
                     LATA   0x000f89       data     extern C:\MCC18\src\traditional\proc\p18F4525.asm
                 LATAbits   0x000f89       data     extern C:\MCC18\src\traditional\proc\p18F4525.asm
                     LATB   0x000f8a       data     extern C:\MCC18\src\traditional\proc\p18F4525.asm
                 LATBbits   0x000f8a       data     extern C:\MCC18\src\traditional\proc\p18F4525.asm
                     LATC   0x000f8b       data     extern C:\MCC18\src\traditional\proc\p18F4525.asm
                 LATCbits   0x000f8b       data     extern C:\MCC18\src\traditional\proc\p18F4525.asm
                     LATD   0x000f8c       data     extern C:\MCC18\src\traditional\proc\p18F4525.asm
                 LATDbits   0x000f8c       data     extern C:\MCC18\src\traditional\proc\p18F4525.asm
                 LATEbits   0x000f8d       data     extern C:\MCC18\src\traditional\proc\p18F4525.asm
                     LATE   0x000f8d       data     extern C:\MCC18\src\traditional\proc\p18F4525.asm
                 DDRAbits   0x000f92       data     extern C:\MCC18\src\traditional\proc\p18F4525.asm
                     DDRA   0x000f92       data     extern C:\MCC18\src\traditional\proc\p18F4525.asm
                    TRISA   0x000f92       data     extern C:\MCC18\src\traditional\proc\p18F4525.asm
                TRISAbits   0x000f92       data     extern C:\MCC18\src\traditional\proc\p18F4525.asm
                TRISBbits   0x000f93       data     extern C:\MCC18\src\traditional\proc\p18F4525.asm
                    TRISB   0x000f93       data     extern C:\MCC18\src\traditional\proc\p18F4525.asm
                     DDRB   0x000f93       data     extern C:\MCC18\src\traditional\proc\p18F4525.asm
                 DDRBbits   0x000f93       data     extern C:\MCC18\src\traditional\proc\p18F4525.asm
                TRISCbits   0x000f94       data     extern C:\MCC18\src\traditional\proc\p18F4525.asm
                    TRISC   0x000f94       data     extern C:\MCC18\src\traditional\proc\p18F4525.asm
                     DDRC   0x000f94       data     extern C:\MCC18\src\traditional\proc\p18F4525.asm
                 DDRCbits   0x000f94       data     extern C:\MCC18\src\traditional\proc\p18F4525.asm
                    TRISD   0x000f95       data     extern C:\MCC18\src\traditional\proc\p18F4525.asm
                TRISDbits   0x000f95       data     extern C:\MCC18\src\traditional\proc\p18F4525.asm
                     DDRD   0x000f95       data     extern C:\MCC18\src\traditional\proc\p18F4525.asm
                 DDRDbits   0x000f95       data     extern C:\MCC18\src\traditional\proc\p18F4525.asm
                    TRISE   0x000f96       data     extern C:\MCC18\src\traditional\proc\p18F4525.asm
                TRISEbits   0x000f96       data     extern C:\MCC18\src\traditional\proc\p18F4525.asm
                     DDRE   0x000f96       data     extern C:\MCC18\src\traditional\proc\p18F4525.asm
                 DDREbits   0x000f96       data     extern C:\MCC18\src\traditional\proc\p18F4525.asm
                  OSCTUNE   0x000f9b       data     extern C:\MCC18\src\traditional\proc\p18F4525.asm
              OSCTUNEbits   0x000f9b       data     extern C:\MCC18\src\traditional\proc\p18F4525.asm
                     PIE1   0x000f9d       data     extern C:\MCC18\src\traditional\proc\p18F4525.asm
                 PIE1bits   0x000f9d       data     extern C:\MCC18\src\traditional\proc\p18F4525.asm
                 PIR1bits   0x000f9e       data     extern C:\MCC18\src\traditional\proc\p18F4525.asm
                     PIR1   0x000f9e       data     extern C:\MCC18\src\traditional\proc\p18F4525.asm
                 IPR1bits   0x000f9f       data     extern C:\MCC18\src\traditional\proc\p18F4525.asm
                     IPR1   0x000f9f       data     extern C:\MCC18\src\traditional\proc\p18F4525.asm
                 PIE2bits   0x000fa0       data     extern C:\MCC18\src\traditional\proc\p18F4525.asm
                     PIE2   0x000fa0       data     extern C:\MCC18\src\traditional\proc\p18F4525.asm
                     PIR2   0x000fa1       data     extern C:\MCC18\src\traditional\proc\p18F4525.asm
                 PIR2bits   0x000fa1       data     extern C:\MCC18\src\traditional\proc\p18F4525.asm
                     IPR2   0x000fa2       data     extern C:\MCC18\src\traditional\proc\p18F4525.asm
                 IPR2bits   0x000fa2       data     extern C:\MCC18\src\traditional\proc\p18F4525.asm
                   EECON1   0x000fa6       data     extern C:\MCC18\src\traditional\proc\p18F4525.asm
               EECON1bits   0x000fa6       data     extern C:\MCC18\src\traditional\proc\p18F4525.asm
                   EECON2   0x000fa7       data     extern C:\MCC18\src\traditional\proc\p18F4525.asm
                   EEDATA   0x000fa8       data     extern C:\MCC18\src\traditional\proc\p18F4525.asm
                    EEADR   0x000fa9       data     extern C:\MCC18\src\traditional\proc\p18F4525.asm
                   EEADRH   0x000faa       data     extern C:\MCC18\src\traditional\proc\p18F4525.asm
                RCSTAbits   0x000fab       data     extern C:\MCC18\src\traditional\proc\p18F4525.asm
                    RCSTA   0x000fab       data     extern C:\MCC18\src\traditional\proc\p18F4525.asm
                    TXSTA   0x000fac       data     extern C:\MCC18\src\traditional\proc\p18F4525.asm
                TXSTAbits   0x000fac       data     extern C:\MCC18\src\traditional\proc\p18F4525.asm
                    TXREG   0x000fad       data     extern C:\MCC18\src\traditional\proc\p18F4525.asm
                    RCREG   0x000fae       data     extern C:\MCC18\src\traditional\proc\p18F4525.asm
                    SPBRG   0x000faf       data     extern C:\MCC18\src\traditional\proc\p18F4525.asm
                   SPBRGH   0x000fb0       data     extern C:\MCC18\src\traditional\proc\p18F4525.asm
                    T3CON   0x000fb1       data     extern C:\MCC18\src\traditional\proc\p18F4525.asm
                T3CONbits   0x000fb1       data     extern C:\MCC18\src\traditional\proc\p18F4525.asm
                    TMR3L   0x000fb2       data     extern C:\MCC18\src\traditional\proc\p18F4525.asm
                    TMR3H   0x000fb3       data     extern C:\MCC18\src\traditional\proc\p18F4525.asm
                    CMCON   0x000fb4       data     extern C:\MCC18\src\traditional\proc\p18F4525.asm
                CMCONbits   0x000fb4       data     extern C:\MCC18\src\traditional\proc\p18F4525.asm
                   CVRCON   0x000fb5       data     extern C:\MCC18\src\traditional\proc\p18F4525.asm
               CVRCONbits   0x000fb5       data     extern C:\MCC18\src\traditional\proc\p18F4525.asm
                  ECCP1AS   0x000fb6       data     extern C:\MCC18\src\traditional\proc\p18F4525.asm
              ECCP1ASbits   0x000fb6       data     extern C:\MCC18\src\traditional\proc\p18F4525.asm
                   ECCPAS   0x000fb6       data     extern C:\MCC18\src\traditional\proc\p18F4525.asm
               ECCPASbits   0x000fb6       data     extern C:\MCC18\src\traditional\proc\p18F4525.asm
              PWM1CONbits   0x000fb7       data     extern C:\MCC18\src\traditional\proc\p18F4525.asm
                  PWM1CON   0x000fb7       data     extern C:\MCC18\src\traditional\proc\p18F4525.asm
                  BAUDCON   0x000fb8       data     extern C:\MCC18\src\traditional\proc\p18F4525.asm
              BAUDCONbits   0x000fb8       data     extern C:\MCC18\src\traditional\proc\p18F4525.asm
                  BAUDCTL   0x000fb8       data     extern C:\MCC18\src\traditional\proc\p18F4525.asm
              BAUDCTLbits   0x000fb8       data     extern C:\MCC18\src\traditional\proc\p18F4525.asm
                  CCP2CON   0x000fba       data     extern C:\MCC18\src\traditional\proc\p18F4525.asm
              CCP2CONbits   0x000fba       data     extern C:\MCC18\src\traditional\proc\p18F4525.asm
                    CCPR2   0x000fbb       data     extern C:\MCC18\src\traditional\proc\p18F4525.asm
                   CCPR2L   0x000fbb       data     extern C:\MCC18\src\traditional\proc\p18F4525.asm
                   CCPR2H   0x000fbc       data     extern C:\MCC18\src\traditional\proc\p18F4525.asm
              CCP1CONbits   0x000fbd       data     extern C:\MCC18\src\traditional\proc\p18F4525.asm
                  CCP1CON   0x000fbd       data     extern C:\MCC18\src\traditional\proc\p18F4525.asm
                   CCPR1L   0x000fbe       data     extern C:\MCC18\src\traditional\proc\p18F4525.asm
                    CCPR1   0x000fbe       data     extern C:\MCC18\src\traditional\proc\p18F4525.asm
                   CCPR1H   0x000fbf       data     extern C:\MCC18\src\traditional\proc\p18F4525.asm
                   ADCON2   0x000fc0       data     extern C:\MCC18\src\traditional\proc\p18F4525.asm
               ADCON2bits   0x000fc0       data     extern C:\MCC18\src\traditional\proc\p18F4525.asm
                   ADCON1   0x000fc1       data     extern C:\MCC18\src\traditional\proc\p18F4525.asm
               ADCON1bits   0x000fc1       data     extern C:\MCC18\src\traditional\proc\p18F4525.asm
                   ADCON0   0x000fc2       data     extern C:\MCC18\src\traditional\proc\p18F4525.asm
               ADCON0bits   0x000fc2       data     extern C:\MCC18\src\traditional\proc\p18F4525.asm
                    ADRES   0x000fc3       data     extern C:\MCC18\src\traditional\proc\p18F4525.asm
                   ADRESL   0x000fc3       data     extern C:\MCC18\src\traditional\proc\p18F4525.asm
                   ADRESH   0x000fc4       data     extern C:\MCC18\src\traditional\proc\p18F4525.asm
                  SSPCON2   0x000fc5       data     extern C:\MCC18\src\traditional\proc\p18F4525.asm
              SSPCON2bits   0x000fc5       data     extern C:\MCC18\src\traditional\proc\p18F4525.asm
                  SSPCON1   0x000fc6       data     extern C:\MCC18\src\traditional\proc\p18F4525.asm
              SSPCON1bits   0x000fc6       data     extern C:\MCC18\src\traditional\proc\p18F4525.asm
                  SSPSTAT   0x000fc7       data     extern C:\MCC18\src\traditional\proc\p18F4525.asm
              SSPSTATbits   0x000fc7       data     extern C:\MCC18\src\traditional\proc\p18F4525.asm
                   SSPADD   0x000fc8       data     extern C:\MCC18\src\traditional\proc\p18F4525.asm
                   SSPBUF   0x000fc9       data     extern C:\MCC18\src\traditional\proc\p18F4525.asm
                T2CONbits   0x000fca       data     extern C:\MCC18\src\traditional\proc\p18F4525.asm
                    T2CON   0x000fca       data     extern C:\MCC18\src\traditional\proc\p18F4525.asm
                      PR2   0x000fcb       data     extern C:\MCC18\src\traditional\proc\p18F4525.asm
                     TMR2   0x000fcc       data     extern C:\MCC18\src\traditional\proc\p18F4525.asm
                T1CONbits   0x000fcd       data     extern C:\MCC18\src\traditional\proc\p18F4525.asm
                    T1CON   0x000fcd       data     extern C:\MCC18\src\traditional\proc\p18F4525.asm
                    TMR1L   0x000fce       data     extern C:\MCC18\src\traditional\proc\p18F4525.asm
                    TMR1H   0x000fcf       data     extern C:\MCC18\src\traditional\proc\p18F4525.asm
                     RCON   0x000fd0       data     extern C:\MCC18\src\traditional\proc\p18F4525.asm
                 RCONbits   0x000fd0       data     extern C:\MCC18\src\traditional\proc\p18F4525.asm
               WDTCONbits   0x000fd1       data     extern C:\MCC18\src\traditional\proc\p18F4525.asm
                   WDTCON   0x000fd1       data     extern C:\MCC18\src\traditional\proc\p18F4525.asm
               LVDCONbits   0x000fd2       data     extern C:\MCC18\src\traditional\proc\p18F4525.asm
                   LVDCON   0x000fd2       data     extern C:\MCC18\src\traditional\proc\p18F4525.asm
              HLVDCONbits   0x000fd2       data     extern C:\MCC18\src\traditional\proc\p18F4525.asm
                  HLVDCON   0x000fd2       data     extern C:\MCC18\src\traditional\proc\p18F4525.asm
                   OSCCON   0x000fd3       data     extern C:\MCC18\src\traditional\proc\p18F4525.asm
               OSCCONbits   0x000fd3       data     extern C:\MCC18\src\traditional\proc\p18F4525.asm
                    DEBUG   0x000fd4       data     extern C:\MCC18\src\traditional\proc\p18F4525.asm
                    T0CON   0x000fd5       data     extern C:\MCC18\src\traditional\proc\p18F4525.asm
                T0CONbits   0x000fd5       data     extern C:\MCC18\src\traditional\proc\p18F4525.asm
                    TMR0L   0x000fd6       data     extern C:\MCC18\src\traditional\proc\p18F4525.asm
                    TMR0H   0x000fd7       data     extern C:\MCC18\src\traditional\proc\p18F4525.asm
                   STATUS   0x000fd8       data     extern C:\MCC18\src\traditional\proc\p18F4525.asm
               STATUSbits   0x000fd8       data     extern C:\MCC18\src\traditional\proc\p18F4525.asm
                    FSR2L   0x000fd9       data     extern C:\MCC18\src\traditional\proc\p18F4525.asm
                     FSR2   0x000fd9       data     extern C:\MCC18\src\traditional\proc\p18F4525.asm
                    FSR2H   0x000fda       data     extern C:\MCC18\src\traditional\proc\p18F4525.asm
                   PLUSW2   0x000fdb       data     extern C:\MCC18\src\traditional\proc\p18F4525.asm
                  PREINC2   0x000fdc       data     extern C:\MCC18\src\traditional\proc\p18F4525.asm
                 POSTDEC2   0x000fdd       data     extern C:\MCC18\src\traditional\proc\p18F4525.asm
                 POSTINC2   0x000fde       data     extern C:\MCC18\src\traditional\proc\p18F4525.asm
                    INDF2   0x000fdf       data     extern C:\MCC18\src\traditional\proc\p18F4525.asm
                      BSR   0x000fe0       data     extern C:\MCC18\src\traditional\proc\p18F4525.asm
                    FSR1L   0x000fe1       data     extern C:\MCC18\src\traditional\proc\p18F4525.asm
                     FSR1   0x000fe1       data     extern C:\MCC18\src\traditional\proc\p18F4525.asm
                    FSR1H   0x000fe2       data     extern C:\MCC18\src\traditional\proc\p18F4525.asm
                   PLUSW1   0x000fe3       data     extern C:\MCC18\src\traditional\proc\p18F4525.asm
                  PREINC1   0x000fe4       data     extern C:\MCC18\src\traditional\proc\p18F4525.asm
                 POSTDEC1   0x000fe5       data     extern C:\MCC18\src\traditional\proc\p18F4525.asm
                 POSTINC1   0x000fe6       data     extern C:\MCC18\src\traditional\proc\p18F4525.asm
                    INDF1   0x000fe7       data     extern C:\MCC18\src\traditional\proc\p18F4525.asm
                        W   0x000fe8       data     extern C:\MCC18\src\traditional\proc\p18F4525.asm
                     WREG   0x000fe8       data     extern C:\MCC18\src\traditional\proc\p18F4525.asm
                     FSR0   0x000fe9       data     extern C:\MCC18\src\traditional\proc\p18F4525.asm
                    FSR0L   0x000fe9       data     extern C:\MCC18\src\traditional\proc\p18F4525.asm
                    FSR0H   0x000fea       data     extern C:\MCC18\src\traditional\proc\p18F4525.asm
                   PLUSW0   0x000feb       data     extern C:\MCC18\src\traditional\proc\p18F4525.asm
                  PREINC0   0x000fec       data     extern C:\MCC18\src\traditional\proc\p18F4525.asm
                 POSTDEC0   0x000fed       data     extern C:\MCC18\src\traditional\proc\p18F4525.asm
                 POSTINC0   0x000fee       data     extern C:\MCC18\src\traditional\proc\p18F4525.asm
                    INDF0   0x000fef       data     extern C:\MCC18\src\traditional\proc\p18F4525.asm
                  INTCON3   0x000ff0       data     extern C:\MCC18\src\traditional\proc\p18F4525.asm
              INTCON3bits   0x000ff0       data     extern C:\MCC18\src\traditional\proc\p18F4525.asm
              INTCON2bits   0x000ff1       data     extern C:\MCC18\src\traditional\proc\p18F4525.asm
                  INTCON2   0x000ff1       data     extern C:\MCC18\src\traditional\proc\p18F4525.asm
                   INTCON   0x000ff2       data     extern C:\MCC18\src\traditional\proc\p18F4525.asm
               INTCONbits   0x000ff2       data     extern C:\MCC18\src\traditional\proc\p18F4525.asm
                     PROD   0x000ff3       data     extern C:\MCC18\src\traditional\proc\p18F4525.asm
                    PRODL   0x000ff3       data     extern C:\MCC18\src\traditional\proc\p18F4525.asm
                    PRODH   0x000ff4       data     extern C:\MCC18\src\traditional\proc\p18F4525.asm
                   TABLAT   0x000ff5       data     extern C:\MCC18\src\traditional\proc\p18F4525.asm
                   TBLPTR   0x000ff6       data     extern C:\MCC18\src\traditional\proc\p18F4525.asm
                  TBLPTRL   0x000ff6       data     extern C:\MCC18\src\traditional\proc\p18F4525.asm
                  TBLPTRH   0x000ff7       data     extern C:\MCC18\src\traditional\proc\p18F4525.asm
                  TBLPTRU   0x000ff8       data     extern C:\MCC18\src\traditional\proc\p18F4525.asm
                      PCL   0x000ff9       data     extern C:\MCC18\src\traditional\proc\p18F4525.asm
                       PC   0x000ff9       data     extern C:\MCC18\src\traditional\proc\p18F4525.asm
                   PCLATH   0x000ffa       data     extern C:\MCC18\src\traditional\proc\p18F4525.asm
                   PCLATU   0x000ffb       data     extern C:\MCC18\src\traditional\proc\p18F4525.asm
                   STKPTR   0x000ffc       data     extern C:\MCC18\src\traditional\proc\p18F4525.asm
               STKPTRbits   0x000ffc       data     extern C:\MCC18\src\traditional\proc\p18F4525.asm
                     TOSL   0x000ffd       data     extern C:\MCC18\src\traditional\proc\p18F4525.asm
                      TOS   0x000ffd       data     extern C:\MCC18\src\traditional\proc\p18F4525.asm
                     TOSH   0x000ffe       data     extern C:\MCC18\src\traditional\proc\p18F4525.asm
                     TOSU   0x000fff       data     extern C:\MCC18\src\traditional\proc\p18F4525.asm


