MPLINK 4.22, Linker
Linker Map File - Created Thu Apr 22 16:51:42 2010

                                 Section Info
                  Section       Type    Address   Location Size(Bytes)
                ---------  ---------  ---------  ---------  ---------
               _entry_scn       code   0x000000    program   0x000006
                   .cinit    romdata   0x000006    program   0x000032
  .code_process_command.o       code   0x000038    program   0x00141e
         .code_vfprintf.o       code   0x001456    program   0x000c22
             .stringtable    romdata   0x002078    program   0x0008f9
        .romdata_sensor.o    romdata   0x002971    program   0x000000
           .idata_osc.o_i    romdata   0x002971    program   0x000000
           .romdata_osc.o    romdata   0x002971    program   0x000000
       .idata_adcbusy.o_i    romdata   0x002971    program   0x000000
      .idata_fxd3232u.o_i    romdata   0x002971    program   0x000000
       .romdata_adcconv.o    romdata   0x002971    program   0x000000
      .idata_vfprintf.o_i    romdata   0x002971    program   0x000000
       .idata_adcopen.o_i    romdata   0x002971    program   0x000000
       .romdata_pw1open.o    romdata   0x002971    program   0x000000
       .romdata_pw2open.o    romdata   0x002971    program   0x000000
        .idata_t2open.o_i    romdata   0x002971    program   0x000000
         .idata_uopen.o_i    romdata   0x002971    program   0x000000
       .romdata_adcread.o    romdata   0x002971    program   0x000000
        .idata___init.o_i    romdata   0x002971    program   0x000000
         .romdata_uread.o    romdata   0x002971    program   0x000000
      .idata_adcsetch.o_i    romdata   0x002971    program   0x000000
         .romdata_udefs.o    romdata   0x002971    program   0x000000
      .idata_pw1setdc.o_i    romdata   0x002971    program   0x000000
      .idata_pw2setdc.o_i    romdata   0x002971    program   0x000000
          .romdata_menu.o    romdata   0x002971    program   0x000000
         .romdata_c018i.o    romdata   0x002971    program   0x000000
       .romdata_fxm3232.o    romdata   0x002971    program   0x000000
          .idata_main.o_i    romdata   0x002971    program   0x000000
    .romdata__user_putc.o    romdata   0x002971    program   0x000000
          .idata_putc.o_i    romdata   0x002971    program   0x000000
      .romdata_sumovore.o    romdata   0x002971    program   0x000000
.romdata_process_command.o    romdata   0x002971    program   0x000000
         .code_sumovore.o       code   0x002972    program   0x00031e
           .code_stdout.o       code   0x002972    program   0x000000
             .code_menu.o       code   0x002c90    program   0x000270
    .code_motor_control.o       code   0x002f00    program   0x000250
           .code_sensor.o       code   0x003150    program   0x00018a
               _cinit_scn       code   0x0032da    program   0x00009e
           .code_printf.o       code   0x003378    program   0x000098
             .code_main.o       code   0x003410    program   0x000098
            .code_uopen.o       code   0x0034a8    program   0x00008a
             .code_putc.o       code   0x003532    program   0x000084
          .code_fxm3232.o       code   0x0035b6    program   0x000070
          .code_adcopen.o       code   0x003626    program   0x00006e
                   STRING       code   0x003694    program   0x000066
         .code_pw2setdc.o       code   0x0036fa    program   0x00005e
         .code_pw1setdc.o       code   0x003758    program   0x00005e
                     PROG       code   0x0037b6    program   0x00005a
          .code_pw2open.o       code   0x003810    program   0x000058
              .code_osc.o       code   0x003868    program   0x00004e
         .code_fxd3232u.o       code   0x0038b6    program   0x000048
            .code_uread.o       code   0x0038fe    program   0x00003e
           .code_t2open.o       code   0x00393c    program   0x000036
          .code_pw1open.o       code   0x003972    program   0x000030
         .code_adcsetch.o       code   0x0039a2    program   0x00002e
                    CTYPE       code   0x0039d0    program   0x000024
             _startup_scn       code   0x0039f4    program   0x00001c
                    STDIO       code   0x003a10    program   0x00001c
          .code_adcread.o       code   0x003a2c    program   0x000012
      .romdata_vfprintf.o    romdata   0x003a3e    program   0x000011
        .romdata_stdout.o    romdata   0x003a4f    program   0x000000
       .idata_fxm3232.o_i    romdata   0x003a4f    program   0x000000
        .romdata___init.o    romdata   0x003a4f    program   0x000000
        .idata_printf.o_i    romdata   0x003a4f    program   0x000000
          .romdata_putc.o    romdata   0x003a4f    program   0x000000
         .idata_udefs.o_i    romdata   0x003a4f    program   0x000000
    .idata__user_putc.o_i    romdata   0x003a4f    program   0x000000
        .romdata_printf.o    romdata   0x003a4f    program   0x000000
      .romdata_fxd3232u.o    romdata   0x003a4f    program   0x000000
         .idata_c018i.o_i    romdata   0x003a4f    program   0x000000
          .romdata_main.o    romdata   0x003a4f    program   0x000000
 .romdata_motor_control.o    romdata   0x003a4f    program   0x000000
          .idata_menu.o_i    romdata   0x003a4f    program   0x000000
        .idata_sensor.o_i    romdata   0x003a4f    program   0x000000
       .romdata_adcbusy.o    romdata   0x003a4f    program   0x000000
       .idata_adcconv.o_i    romdata   0x003a4f    program   0x000000
       .romdata_adcopen.o    romdata   0x003a4f    program   0x000000
       .idata_pw1open.o_i    romdata   0x003a4f    program   0x000000
      .romdata_pw2setdc.o    romdata   0x003a4f    program   0x000000
      .romdata_pw1setdc.o    romdata   0x003a4f    program   0x000000
      .romdata_adcsetch.o    romdata   0x003a4f    program   0x000000
         .idata_uread.o_i    romdata   0x003a4f    program   0x000000
       .idata_adcread.o_i    romdata   0x003a4f    program   0x000000
       .idata_pw2open.o_i    romdata   0x003a4f    program   0x000000
         .romdata_uopen.o    romdata   0x003a4f    program   0x000000
        .romdata_t2open.o    romdata   0x003a4f    program   0x000000
                    .code       code   0x003a50    program   0x00000e
            .code_udefs.o       code   0x003a50    program   0x000000
            .code_c018i.o       code   0x003a50    program   0x000000
          .code_adcbusy.o       code   0x003a5e    program   0x00000a
          .code_adcconv.o       code   0x003a68    program   0x000004
       .code__user_putc.o       code   0x003a6c    program   0x000002
           .code___init.o       code   0x003a6e    program   0x000002
      .idata_sumovore.o_i    romdata   0x003a70    program   0x00000f
        .idata_stdout.o_i    romdata   0x003a7f    program   0x000002
.idata_process_command.o_i    romdata   0x003a81    program   0x000019
 .idata_motor_control.o_i    romdata   0x003a9a    program   0x000004
.config_300001_sumovore.o    romdata   0x300001    program   0x000001
.config_300003_sumovore.o    romdata   0x300003    program   0x000001
.config_300005_sumovore.o    romdata   0x300005    program   0x000001
.config_300006_sumovore.o    romdata   0x300006    program   0x000001
                MATH_DATA      udata   0x000000       data   0x000014
                 .tmpdata      udata   0x000014       data   0x000007
 .idata_process_command.o      idata   0x000080       data   0x000019
        .idata_sumovore.o      idata   0x000099       data   0x00000f
           .udata_c018i.o      udata   0x0000a8       data   0x00000a
   .idata_motor_control.o      idata   0x0000b2       data   0x000004
        .udata_sumovore.o      udata   0x0000b6       data   0x000002
          .idata_stdout.o      idata   0x0000b8       data   0x000002
           .udata_udefs.o      udata   0x0000ba       data   0x000001
         .idata_adcread.o      idata   0x0000bb       data   0x000000
           .udata_uread.o      udata   0x0000bb       data   0x000000
           .idata_uread.o      idata   0x0000bb       data   0x000000
        .udata_adcsetch.o      udata   0x0000bb       data   0x000000
        .idata_adcsetch.o      idata   0x0000bb       data   0x000000
        .udata_pw1setdc.o      udata   0x0000bb       data   0x000000
        .idata_pw1setdc.o      idata   0x0000bb       data   0x000000
        .udata_pw2setdc.o      udata   0x0000bb       data   0x000000
        .idata_pw2setdc.o      idata   0x0000bb       data   0x000000
           .idata_udefs.o      idata   0x0000bb       data   0x000000
          .udata___init.o      udata   0x0000bb       data   0x000000
          .idata___init.o      idata   0x0000bb       data   0x000000
          .udata_printf.o      udata   0x0000bb       data   0x000000
          .idata_printf.o      idata   0x0000bb       data   0x000000
          .udata_stdout.o      udata   0x0000bb       data   0x000000
      .idata__user_putc.o      idata   0x0000bb       data   0x000000
        .udata_vfprintf.o      udata   0x0000bb       data   0x000000
        .idata_vfprintf.o      idata   0x0000bb       data   0x000000
        .udata_fxd3232u.o      udata   0x0000bb       data   0x000000
        .idata_fxd3232u.o      idata   0x0000bb       data   0x000000
         .udata_fxm3232.o      udata   0x0000bb       data   0x000000
      .udata__user_putc.o      udata   0x0000bb       data   0x000000
            .idata_putc.o      idata   0x0000bb       data   0x000000
            .udata_putc.o      udata   0x0000bb       data   0x000000
         .idata_fxm3232.o      idata   0x0000bb       data   0x000000
           .idata_c018i.o      idata   0x0000bb       data   0x000000
            .udata_main.o      udata   0x0000bb       data   0x000000
            .idata_main.o      idata   0x0000bb       data   0x000000
   .udata_motor_control.o      udata   0x0000bb       data   0x000000
 .udata_process_command.o      udata   0x0000bb       data   0x000000
            .udata_menu.o      udata   0x0000bb       data   0x000000
            .idata_menu.o      idata   0x0000bb       data   0x000000
          .udata_sensor.o      udata   0x0000bb       data   0x000000
          .idata_sensor.o      idata   0x0000bb       data   0x000000
             .udata_osc.o      udata   0x0000bb       data   0x000000
             .idata_osc.o      idata   0x0000bb       data   0x000000
         .udata_adcbusy.o      udata   0x0000bb       data   0x000000
         .idata_adcbusy.o      idata   0x0000bb       data   0x000000
         .udata_adcconv.o      udata   0x0000bb       data   0x000000
         .idata_adcconv.o      idata   0x0000bb       data   0x000000
         .udata_adcopen.o      udata   0x0000bb       data   0x000000
         .idata_adcopen.o      idata   0x0000bb       data   0x000000
         .udata_pw1open.o      udata   0x0000bb       data   0x000000
         .idata_pw1open.o      idata   0x0000bb       data   0x000000
         .udata_pw2open.o      udata   0x0000bb       data   0x000000
         .idata_pw2open.o      idata   0x0000bb       data   0x000000
          .udata_t2open.o      udata   0x0000bb       data   0x000000
          .idata_t2open.o      idata   0x0000bb       data   0x000000
           .udata_uopen.o      udata   0x0000bb       data   0x000000
           .idata_uopen.o      idata   0x0000bb       data   0x000000
         .udata_adcread.o      udata   0x0000bb       data   0x000000
                   .stack      udata   0x000e00       data   0x000100
            SFR_UNBANKED0      udata   0x000f80       data   0x000080



                              Program Memory Usage 
                               Start         End      
                           ---------   ---------      
                            0x000000    0x002970      
                            0x002972    0x003a4e      
                            0x003a50    0x003a9d      
                            0x300001    0x300001      
                            0x300003    0x300003      
                            0x300005    0x300006      
            15008 out of 50200 program addresses used, program memory utilization is 29%



                              Symbols - Sorted by Name
                     Name    Address   Location    Storage File                     
                ---------  ---------  ---------  --------- ---------                
                  BusyADC   0x003a5e    program     extern C:\MCC18\src\pmc_common\ADC\adcbusy.c
               ConvertADC   0x003a68    program     extern C:\MCC18\src\pmc_common\ADC\adcconv.c
                 FXD3232U   0x0038b6    program     extern C:\MCC18\src\traditional\math\fxd3232u.c
                 FXM1616S   0x0037b6    program     extern C:\MCC18\src\traditional\math\fxm1616s.asm
                  FXM3232   0x0035b6    program     extern C:\MCC18\src\traditional\math\fxm3232.c
                  OpenADC   0x003626    program     extern C:\MCC18\src\pmc_common\ADC\adcopen.c
                 OpenPWM1   0x003972    program     extern C:\MCC18\src\pmc_common\PWM\pw1open.c
         OpenPWM1ConfigIO   0x00399e    program     extern C:\MCC18\src\pmc_common\PWM\pw1open.c
                 OpenPWM2   0x003810    program     extern C:\MCC18\src\pmc_common\PWM\pw2open.c
               OpenTimer2   0x00393c    program     extern C:\MCC18\src\pmc_common\Timers\t2open.c
                OpenUSART   0x0034a8    program     extern C:\MCC18\src\pmc_common\USART\uopen.c
                  ReadADC   0x003a2c    program     extern C:\MCC18\src\pmc_common\ADC\adcread.c
                ReadUSART   0x0038fe    program     extern C:\MCC18\src\pmc_common\USART\uread.c
               SetChanADC   0x0039a2    program     extern C:\MCC18\src\pmc_common\ADC\adcsetch.c
                SetDCPWM1   0x003758    program     extern C:\MCC18\src\pmc_common\PWM\pw1setdc.c
                SetDCPWM2   0x0036fa    program     extern C:\MCC18\src\pmc_common\PWM\pw2setdc.c
               TSIGN1616A   0x003802    program     static C:\MCC18\src\traditional\math\fxm1616s.asm
                   _2jEnd   0x0036e4    program     static C:\MCC18\src\traditional\stdclib\slenpgm.asm
       ___return_lbl00000   0x0038fc    program     static                          
       ___return_lbl00000   0x000004    program     static                          
       ___return_lbl00000   0x003624    program     static                          
       ___return_lbl00001   0x003a0e    program     static                          
       ___return_lbl00002   0x003376    program     static                          
               __config_0   0x300001    program     static E:\MyProjects_1\robot_diagnostic1100\sumovore.c
               __config_1   0x300003    program     static E:\MyProjects_1\robot_diagnostic1100\sumovore.c
               __config_2   0x300005    program     static E:\MyProjects_1\robot_diagnostic1100\sumovore.c
               __config_3   0x300006    program     static E:\MyProjects_1\robot_diagnostic1100\sumovore.c
                   __init   0x003a6e    program     extern C:\MCC18\src\traditional\stdclib\__init.c
                   __pa_0   0x001d96    program     static C:\MCC18\src\traditional\stdclib\vfprintf.c
                   __pa_1   0x001d9e    program     static C:\MCC18\src\traditional\stdclib\vfprintf.c
                  __pa_10   0x001e52    program     static C:\MCC18\src\traditional\stdclib\vfprintf.c
                  __pa_11   0x001e60    program     static C:\MCC18\src\traditional\stdclib\vfprintf.c
                  __pa_12   0x001e76    program     static C:\MCC18\src\traditional\stdclib\vfprintf.c
                  __pa_13   0x001e90    program     static C:\MCC18\src\traditional\stdclib\vfprintf.c
                  __pa_14   0x001ea8    program     static C:\MCC18\src\traditional\stdclib\vfprintf.c
                  __pa_15   0x001eb8    program     static C:\MCC18\src\traditional\stdclib\vfprintf.c
                  __pa_16   0x001ece    program     static C:\MCC18\src\traditional\stdclib\vfprintf.c
                  __pa_17   0x001ee0    program     static C:\MCC18\src\traditional\stdclib\vfprintf.c
                  __pa_18   0x001ef2    program     static C:\MCC18\src\traditional\stdclib\vfprintf.c
                  __pa_19   0x001efc    program     static C:\MCC18\src\traditional\stdclib\vfprintf.c
                   __pa_2   0x001da8    program     static C:\MCC18\src\traditional\stdclib\vfprintf.c
                  __pa_20   0x001f0c    program     static C:\MCC18\src\traditional\stdclib\vfprintf.c
                  __pa_21   0x001f1c    program     static C:\MCC18\src\traditional\stdclib\vfprintf.c
                  __pa_22   0x001f2c    program     static C:\MCC18\src\traditional\stdclib\vfprintf.c
                  __pa_23   0x001f38    program     static C:\MCC18\src\traditional\stdclib\vfprintf.c
                  __pa_24   0x001f46    program     static C:\MCC18\src\traditional\stdclib\vfprintf.c
                  __pa_25   0x001f4e    program     static C:\MCC18\src\traditional\stdclib\vfprintf.c
                  __pa_26   0x001f58    program     static C:\MCC18\src\traditional\stdclib\vfprintf.c
                  __pa_27   0x001f62    program     static C:\MCC18\src\traditional\stdclib\vfprintf.c
                  __pa_28   0x001f6a    program     static C:\MCC18\src\traditional\stdclib\vfprintf.c
                  __pa_29   0x001f78    program     static C:\MCC18\src\traditional\stdclib\vfprintf.c
                   __pa_3   0x001db2    program     static C:\MCC18\src\traditional\stdclib\vfprintf.c
                  __pa_30   0x001f94    program     static C:\MCC18\src\traditional\stdclib\vfprintf.c
                  __pa_31   0x001fae    program     static C:\MCC18\src\traditional\stdclib\vfprintf.c
                  __pa_32   0x001fc8    program     static C:\MCC18\src\traditional\stdclib\vfprintf.c
                  __pa_33   0x001fe0    program     static C:\MCC18\src\traditional\stdclib\vfprintf.c
                  __pa_34   0x001fea    program     static C:\MCC18\src\traditional\stdclib\vfprintf.c
                  __pa_35   0x001ff8    program     static C:\MCC18\src\traditional\stdclib\vfprintf.c
                  __pa_36   0x002000    program     static C:\MCC18\src\traditional\stdclib\vfprintf.c
                  __pa_37   0x00200a    program     static C:\MCC18\src\traditional\stdclib\vfprintf.c
                  __pa_38   0x00201a    program     static C:\MCC18\src\traditional\stdclib\vfprintf.c
                  __pa_39   0x002028    program     static C:\MCC18\src\traditional\stdclib\vfprintf.c
                   __pa_4   0x001dca    program     static C:\MCC18\src\traditional\stdclib\vfprintf.c
                  __pa_40   0x002034    program     static C:\MCC18\src\traditional\stdclib\vfprintf.c
                  __pa_41   0x002040    program     static C:\MCC18\src\traditional\stdclib\vfprintf.c
                  __pa_42   0x002048    program     static C:\MCC18\src\traditional\stdclib\vfprintf.c
                  __pa_43   0x002052    program     static C:\MCC18\src\traditional\stdclib\vfprintf.c
                  __pa_44   0x002058    program     static C:\MCC18\src\traditional\stdclib\vfprintf.c
                  __pa_45   0x002062    program     static C:\MCC18\src\traditional\stdclib\vfprintf.c
                  __pa_46   0x00206e    program     static C:\MCC18\src\traditional\stdclib\vfprintf.c
                   __pa_5   0x001dde    program     static C:\MCC18\src\traditional\stdclib\vfprintf.c
                   __pa_6   0x001dfa    program     static C:\MCC18\src\traditional\stdclib\vfprintf.c
                   __pa_7   0x001e04    program     static C:\MCC18\src\traditional\stdclib\vfprintf.c
                   __pa_8   0x001e10    program     static C:\MCC18\src\traditional\stdclib\vfprintf.c
                   __pa_9   0x001e32    program     static C:\MCC18\src\traditional\stdclib\vfprintf.c
               __string_0   0x0020a1    program     static E:\MyProjects_1\robot_diagnostic1100\motor_control.c
               __string_0   0x002840    program     static E:\MyProjects_1\robot_diagnostic1100\menu.c
               __string_0   0x002588    program     static E:\MyProjects_1\robot_diagnostic1100\process_command.c
               __string_0   0x002952    program     static E:\MyProjects_1\robot_diagnostic1100\sensor.c
               __string_0   0x00209e    program     static E:\MyProjects_1\robot_diagnostic1100\main.c
               __string_1   0x002078    program     static E:\MyProjects_1\robot_diagnostic1100\main.c
               __string_1   0x002578    program     static E:\MyProjects_1\robot_diagnostic1100\process_command.c
               __string_1   0x002828    program     static E:\MyProjects_1\robot_diagnostic1100\menu.c
               __string_1   0x00292d    program     static E:\MyProjects_1\robot_diagnostic1100\sensor.c
              __string_10   0x0024bf    program     static E:\MyProjects_1\robot_diagnostic1100\process_command.c
              __string_10   0x002753    program     static E:\MyProjects_1\robot_diagnostic1100\menu.c
              __string_11   0x002492    program     static E:\MyProjects_1\robot_diagnostic1100\process_command.c
              __string_11   0x00273a    program     static E:\MyProjects_1\robot_diagnostic1100\menu.c
              __string_12   0x002484    program     static E:\MyProjects_1\robot_diagnostic1100\process_command.c
              __string_12   0x002725    program     static E:\MyProjects_1\robot_diagnostic1100\menu.c
              __string_13   0x00246b    program     static E:\MyProjects_1\robot_diagnostic1100\process_command.c
              __string_13   0x002710    program     static E:\MyProjects_1\robot_diagnostic1100\menu.c
              __string_14   0x002450    program     static E:\MyProjects_1\robot_diagnostic1100\process_command.c
              __string_14   0x0026fd    program     static E:\MyProjects_1\robot_diagnostic1100\menu.c
              __string_15   0x0026dd    program     static E:\MyProjects_1\robot_diagnostic1100\menu.c
              __string_15   0x002437    program     static E:\MyProjects_1\robot_diagnostic1100\process_command.c
              __string_16   0x0026bd    program     static E:\MyProjects_1\robot_diagnostic1100\menu.c
              __string_16   0x002423    program     static E:\MyProjects_1\robot_diagnostic1100\process_command.c
              __string_17   0x0026af    program     static E:\MyProjects_1\robot_diagnostic1100\menu.c
              __string_17   0x00240f    program     static E:\MyProjects_1\robot_diagnostic1100\process_command.c
              __string_18   0x002699    program     static E:\MyProjects_1\robot_diagnostic1100\menu.c
              __string_18   0x002407    program     static E:\MyProjects_1\robot_diagnostic1100\process_command.c
              __string_19   0x00267a    program     static E:\MyProjects_1\robot_diagnostic1100\menu.c
              __string_19   0x0023fd    program     static E:\MyProjects_1\robot_diagnostic1100\process_command.c
               __string_2   0x002807    program     static E:\MyProjects_1\robot_diagnostic1100\menu.c
               __string_2   0x00256a    program     static E:\MyProjects_1\robot_diagnostic1100\process_command.c
               __string_2   0x00290a    program     static E:\MyProjects_1\robot_diagnostic1100\sensor.c
              __string_20   0x00265d    program     static E:\MyProjects_1\robot_diagnostic1100\menu.c
              __string_20   0x0023f5    program     static E:\MyProjects_1\robot_diagnostic1100\process_command.c
              __string_21   0x002640    program     static E:\MyProjects_1\robot_diagnostic1100\menu.c
              __string_21   0x0023ec    program     static E:\MyProjects_1\robot_diagnostic1100\process_command.c
              __string_22   0x002623    program     static E:\MyProjects_1\robot_diagnostic1100\menu.c
              __string_22   0x0023ca    program     static E:\MyProjects_1\robot_diagnostic1100\process_command.c
              __string_23   0x002606    program     static E:\MyProjects_1\robot_diagnostic1100\menu.c
              __string_23   0x0023bf    program     static E:\MyProjects_1\robot_diagnostic1100\process_command.c
              __string_24   0x00239e    program     static E:\MyProjects_1\robot_diagnostic1100\process_command.c
              __string_24   0x0025e6    program     static E:\MyProjects_1\robot_diagnostic1100\menu.c
              __string_25   0x00237b    program     static E:\MyProjects_1\robot_diagnostic1100\process_command.c
              __string_25   0x0025c3    program     static E:\MyProjects_1\robot_diagnostic1100\menu.c
              __string_26   0x00235a    program     static E:\MyProjects_1\robot_diagnostic1100\process_command.c
              __string_26   0x002597    program     static E:\MyProjects_1\robot_diagnostic1100\menu.c
              __string_27   0x00233e    program     static E:\MyProjects_1\robot_diagnostic1100\process_command.c
              __string_28   0x00232a    program     static E:\MyProjects_1\robot_diagnostic1100\process_command.c
              __string_29   0x002308    program     static E:\MyProjects_1\robot_diagnostic1100\process_command.c
               __string_3   0x0028df    program     static E:\MyProjects_1\robot_diagnostic1100\sensor.c
               __string_3   0x00255e    program     static E:\MyProjects_1\robot_diagnostic1100\process_command.c
               __string_3   0x0027e5    program     static E:\MyProjects_1\robot_diagnostic1100\menu.c
              __string_30   0x0022ec    program     static E:\MyProjects_1\robot_diagnostic1100\process_command.c
              __string_31   0x0022ce    program     static E:\MyProjects_1\robot_diagnostic1100\process_command.c
              __string_32   0x0022b2    program     static E:\MyProjects_1\robot_diagnostic1100\process_command.c
              __string_33   0x00229d    program     static E:\MyProjects_1\robot_diagnostic1100\process_command.c
              __string_34   0x002288    program     static E:\MyProjects_1\robot_diagnostic1100\process_command.c
              __string_35   0x002279    program     static E:\MyProjects_1\robot_diagnostic1100\process_command.c
              __string_36   0x002256    program     static E:\MyProjects_1\robot_diagnostic1100\process_command.c
              __string_37   0x002248    program     static E:\MyProjects_1\robot_diagnostic1100\process_command.c
              __string_38   0x00222c    program     static E:\MyProjects_1\robot_diagnostic1100\process_command.c
              __string_39   0x00220e    program     static E:\MyProjects_1\robot_diagnostic1100\process_command.c
               __string_4   0x00254d    program     static E:\MyProjects_1\robot_diagnostic1100\process_command.c
               __string_4   0x0027d1    program     static E:\MyProjects_1\robot_diagnostic1100\menu.c
               __string_4   0x0028be    program     static E:\MyProjects_1\robot_diagnostic1100\sensor.c
              __string_40   0x0021f2    program     static E:\MyProjects_1\robot_diagnostic1100\process_command.c
              __string_41   0x0021dd    program     static E:\MyProjects_1\robot_diagnostic1100\process_command.c
              __string_42   0x0021ba    program     static E:\MyProjects_1\robot_diagnostic1100\process_command.c
              __string_43   0x0021b7    program     static E:\MyProjects_1\robot_diagnostic1100\process_command.c
              __string_44   0x00219e    program     static E:\MyProjects_1\robot_diagnostic1100\process_command.c
              __string_45   0x00217a    program     static E:\MyProjects_1\robot_diagnostic1100\process_command.c
              __string_46   0x002157    program     static E:\MyProjects_1\robot_diagnostic1100\process_command.c
              __string_47   0x002128    program     static E:\MyProjects_1\robot_diagnostic1100\process_command.c
              __string_48   0x0020f6    program     static E:\MyProjects_1\robot_diagnostic1100\process_command.c
              __string_49   0x0020f1    program     static E:\MyProjects_1\robot_diagnostic1100\process_command.c
               __string_5   0x00253c    program     static E:\MyProjects_1\robot_diagnostic1100\process_command.c
               __string_5   0x00289a    program     static E:\MyProjects_1\robot_diagnostic1100\sensor.c
               __string_5   0x0027c2    program     static E:\MyProjects_1\robot_diagnostic1100\menu.c
              __string_50   0x0020c5    program     static E:\MyProjects_1\robot_diagnostic1100\process_command.c
               __string_6   0x0027b2    program     static E:\MyProjects_1\robot_diagnostic1100\menu.c
               __string_6   0x00252b    program     static E:\MyProjects_1\robot_diagnostic1100\process_command.c
               __string_6   0x002887    program     static E:\MyProjects_1\robot_diagnostic1100\sensor.c
               __string_7   0x00278e    program     static E:\MyProjects_1\robot_diagnostic1100\menu.c
               __string_7   0x002867    program     static E:\MyProjects_1\robot_diagnostic1100\sensor.c
               __string_7   0x00251a    program     static E:\MyProjects_1\robot_diagnostic1100\process_command.c
               __string_8   0x002779    program     static E:\MyProjects_1\robot_diagnostic1100\menu.c
               __string_8   0x002509    program     static E:\MyProjects_1\robot_diagnostic1100\process_command.c
               __string_9   0x002765    program     static E:\MyProjects_1\robot_diagnostic1100\menu.c
               __string_9   0x0024e1    program     static E:\MyProjects_1\robot_diagnostic1100\process_command.c
              __tmplbl_42   0x001f2c    program     static                          
              __tmplbl_43   0x001d74    program     static                          
              __tmplbl_44   0x001d5a    program     static                          
              __tmplbl_85   0x0014ac    program     static                          
            __zero_memory   0x003a50    program     extern C:\MCC18\src\traditional\proc\p18F4525.asm
                _do_cinit   0x0032da    program     extern C:\MCC18\src\traditional\startup\c018i.c
                   _entry   0x000000    program     extern C:\MCC18\src\traditional\startup\c018i.c
                   _false   0x0038f8    program     static                          
                 _startup   0x0039f4    program     extern C:\MCC18\src\traditional\startup\c018i.c
              _usart_putc   0x003a10    program     extern C:\MCC18\src\pmc_common\USART\_usartpc.asm
               _user_putc   0x003a6c    program     extern C:\MCC18\src\traditional\stdclib\_user_putc.c
               abortcheck   0x0013e8    program     extern E:\MyProjects_1\robot_diagnostic1100\process_command.c
                      adc   0x002b50    program     extern E:\MyProjects_1\robot_diagnostic1100\sumovore.c
      automatic_threshold   0x000cd0    program     extern E:\MyProjects_1\robot_diagnostic1100\process_command.c
automatic_threshold_gap_cleft   0x00100c    program     extern E:\MyProjects_1\robot_diagnostic1100\process_command.c
automatic_threshold_gap_cright   0x000e94    program     extern E:\MyProjects_1\robot_diagnostic1100\process_command.c
automatic_threshold_gap_left   0x001184    program     extern E:\MyProjects_1\robot_diagnostic1100\process_command.c
automatic_threshold_gap_right   0x000d1a    program     extern E:\MyProjects_1\robot_diagnostic1100\process_command.c
            check_sensors   0x002b7c    program     extern E:\MyProjects_1\robot_diagnostic1100\sumovore.c
               clear_loop   0x003a56    program     static C:\MCC18\src\traditional\proc\p18F4525.asm
                    coast   0x00301a    program     extern E:\MyProjects_1\robot_diagnostic1100\motor_control.c
                copy_loop   0x00334c    program     static                          
            copy_one_byte   0x003352    program     static                          
                     done   0x003376    program     static                          
             done_copying   0x003360    program     static                          
      get_command_MLchar3   0x0003e8    program     extern E:\MyProjects_1\robot_diagnostic1100\process_command.c
  get_command_MLchar3_rev   0x000588    program     extern E:\MyProjects_1\robot_diagnostic1100\process_command.c
      get_command_MRchar3   0x000728    program     extern E:\MyProjects_1\robot_diagnostic1100\process_command.c
  get_command_MRchar3_rev   0x0008e2    program     extern E:\MyProjects_1\robot_diagnostic1100\process_command.c
       get_command_Mchar2   0x000134    program     extern E:\MyProjects_1\robot_diagnostic1100\process_command.c
       get_command_Schar2   0x000206    program     extern E:\MyProjects_1\robot_diagnostic1100\process_command.c
        get_command_char1   0x0000b8    program     extern E:\MyProjects_1\robot_diagnostic1100\process_command.c
            get_threshold   0x000a9c    program     extern E:\MyProjects_1\robot_diagnostic1100\process_command.c
       get_threshold_next   0x000b36    program     extern E:\MyProjects_1\robot_diagnostic1100\process_command.c
           initialization   0x002972    program     extern E:\MyProjects_1\robot_diagnostic1100\sumovore.c
                  isdigit   0x0039d0    program     extern C:\MCC18\src\traditional\stdclib\isdigit.asm
                     jEnd   0x0036ae    program     static C:\MCC18\src\traditional\stdclib\strlen.asm
                     jEnd   0x0036e6    program     static C:\MCC18\src\traditional\stdclib\slenpgm.asm
                    jLoop   0x0036ce    program     static C:\MCC18\src\traditional\stdclib\slenpgm.asm
                    jLoop   0x0036a4    program     static C:\MCC18\src\traditional\stdclib\strlen.asm
                   jMatch   0x0039f0    program     static C:\MCC18\src\traditional\stdclib\isdigit.asm
                 jNoMatch   0x0039f2    program     static C:\MCC18\src\traditional\stdclib\isdigit.asm
                     loop   0x003a20    program     static C:\MCC18\src\pmc_common\USART\_usartpc.asm
                     loop   0x003a04    program     static                          
                     loop   0x0038c4    program     static                          
                     main   0x003410    program     extern E:\MyProjects_1\robot_diagnostic1100\main.c
              menu_Mchar2   0x002d42    program     extern E:\MyProjects_1\robot_diagnostic1100\menu.c
              menu_Mchar3   0x002d9c    program     extern E:\MyProjects_1\robot_diagnostic1100\menu.c
              menu_Schar2   0x002e38    program     extern E:\MyProjects_1\robot_diagnostic1100\menu.c
                 menu_top   0x002c90    program     extern E:\MyProjects_1\robot_diagnostic1100\menu.c
            motor_control   0x002f00    program     extern E:\MyProjects_1\robot_diagnostic1100\motor_control.c
         motors_brake_all   0x002b26    program     extern E:\MyProjects_1\robot_diagnostic1100\sumovore.c
                openPORTA   0x002a0e    program     extern E:\MyProjects_1\robot_diagnostic1100\sumovore.c
                openPORTB   0x002a14    program     extern E:\MyProjects_1\robot_diagnostic1100\sumovore.c
          openPORTCforPWM   0x002a00    program     extern E:\MyProjects_1\robot_diagnostic1100\sumovore.c
        openPORTCforUSART   0x0029fa    program     extern E:\MyProjects_1\robot_diagnostic1100\sumovore.c
                openPORTD   0x002a1a    program     extern E:\MyProjects_1\robot_diagnostic1100\sumovore.c
                openPORTE   0x002a20    program     extern E:\MyProjects_1\robot_diagnostic1100\sumovore.c
                   printf   0x003378    program     extern C:\MCC18\src\traditional\stdclib\printf.c
          process_command   0x000038    program     extern E:\MyProjects_1\robot_diagnostic1100\process_command.c
                     putc   0x003532    program     extern C:\MCC18\src\traditional\stdclib\putc.c
     quiet_sensor_reading   0x003258    program     extern E:\MyProjects_1\robot_diagnostic1100\sensor.c
              read_sensor   0x003214    program     extern E:\MyProjects_1\robot_diagnostic1100\sensor.c
                 s_digits   0x003a3e    program     static C:\MCC18\src\traditional\stdclib\vfprintf.c
            s_put_n_chars   0x001456    program     static C:\MCC18\src\traditional\stdclib\vfprintf.c
           sensor_reading   0x003150    program     extern E:\MyProjects_1\robot_diagnostic1100\sensor.c
                 set_leds   0x002c50    program     extern E:\MyProjects_1\robot_diagnostic1100\sumovore.c
          set_motor_speed   0x002a24    program     extern E:\MyProjects_1\robot_diagnostic1100\sumovore.c
            set_osc_32MHz   0x003868    program     extern E:\MyProjects_1\Functions\osc.c
                spin_left   0x00304e    program     extern E:\MyProjects_1\robot_diagnostic1100\motor_control.c
               spin_right   0x0030ea    program     extern E:\MyProjects_1\robot_diagnostic1100\motor_control.c
             straight_fwd   0x0030b6    program     extern E:\MyProjects_1\robot_diagnostic1100\motor_control.c
                   strlen   0x003694    program     extern C:\MCC18\src\traditional\stdclib\strlen.asm
                strlenpgm   0x0036b0    program     extern C:\MCC18\src\traditional\stdclib\slenpgm.asm
                     test   0x0032f4    program     static                          
                turn_left   0x003082    program     extern E:\MyProjects_1\robot_diagnostic1100\motor_control.c
               turn_right   0x00311c    program     extern E:\MyProjects_1\robot_diagnostic1100\motor_control.c
                 vfprintf   0x001482    program     extern C:\MCC18\src\traditional\stdclib\vfprintf.c
                   ADCON0   0x000fc2       data     extern C:\MCC18\src\traditional\proc\p18F4525.asm
               ADCON0bits   0x000fc2       data     extern C:\MCC18\src\traditional\proc\p18F4525.asm
                   ADCON1   0x000fc1       data     extern C:\MCC18\src\traditional\proc\p18F4525.asm
               ADCON1bits   0x000fc1       data     extern C:\MCC18\src\traditional\proc\p18F4525.asm
                   ADCON2   0x000fc0       data     extern C:\MCC18\src\traditional\proc\p18F4525.asm
               ADCON2bits   0x000fc0       data     extern C:\MCC18\src\traditional\proc\p18F4525.asm
                    ADRES   0x000fc3       data     extern C:\MCC18\src\traditional\proc\p18F4525.asm
                   ADRESH   0x000fc4       data     extern C:\MCC18\src\traditional\proc\p18F4525.asm
                   ADRESL   0x000fc3       data     extern C:\MCC18\src\traditional\proc\p18F4525.asm
                  BAUDCON   0x000fb8       data     extern C:\MCC18\src\traditional\proc\p18F4525.asm
              BAUDCONbits   0x000fb8       data     extern C:\MCC18\src\traditional\proc\p18F4525.asm
                  BAUDCTL   0x000fb8       data     extern C:\MCC18\src\traditional\proc\p18F4525.asm
              BAUDCTLbits   0x000fb8       data     extern C:\MCC18\src\traditional\proc\p18F4525.asm
                      BSR   0x000fe0       data     extern C:\MCC18\src\traditional\proc\p18F4525.asm
                  CCP1CON   0x000fbd       data     extern C:\MCC18\src\traditional\proc\p18F4525.asm
              CCP1CONbits   0x000fbd       data     extern C:\MCC18\src\traditional\proc\p18F4525.asm
                  CCP2CON   0x000fba       data     extern C:\MCC18\src\traditional\proc\p18F4525.asm
              CCP2CONbits   0x000fba       data     extern C:\MCC18\src\traditional\proc\p18F4525.asm
                    CCPR1   0x000fbe       data     extern C:\MCC18\src\traditional\proc\p18F4525.asm
                   CCPR1H   0x000fbf       data     extern C:\MCC18\src\traditional\proc\p18F4525.asm
                   CCPR1L   0x000fbe       data     extern C:\MCC18\src\traditional\proc\p18F4525.asm
                    CCPR2   0x000fbb       data     extern C:\MCC18\src\traditional\proc\p18F4525.asm
                   CCPR2H   0x000fbc       data     extern C:\MCC18\src\traditional\proc\p18F4525.asm
                   CCPR2L   0x000fbb       data     extern C:\MCC18\src\traditional\proc\p18F4525.asm
                    CMCON   0x000fb4       data     extern C:\MCC18\src\traditional\proc\p18F4525.asm
                CMCONbits   0x000fb4       data     extern C:\MCC18\src\traditional\proc\p18F4525.asm
                   CVRCON   0x000fb5       data     extern C:\MCC18\src\traditional\proc\p18F4525.asm
               CVRCONbits   0x000fb5       data     extern C:\MCC18\src\traditional\proc\p18F4525.asm
                     DDRA   0x000f92       data     extern C:\MCC18\src\traditional\proc\p18F4525.asm
                 DDRAbits   0x000f92       data     extern C:\MCC18\src\traditional\proc\p18F4525.asm
                     DDRB   0x000f93       data     extern C:\MCC18\src\traditional\proc\p18F4525.asm
                 DDRBbits   0x000f93       data     extern C:\MCC18\src\traditional\proc\p18F4525.asm
                     DDRC   0x000f94       data     extern C:\MCC18\src\traditional\proc\p18F4525.asm
                 DDRCbits   0x000f94       data     extern C:\MCC18\src\traditional\proc\p18F4525.asm
                     DDRD   0x000f95       data     extern C:\MCC18\src\traditional\proc\p18F4525.asm
                 DDRDbits   0x000f95       data     extern C:\MCC18\src\traditional\proc\p18F4525.asm
                     DDRE   0x000f96       data     extern C:\MCC18\src\traditional\proc\p18F4525.asm
                 DDREbits   0x000f96       data     extern C:\MCC18\src\traditional\proc\p18F4525.asm
                    DEBUG   0x000fd4       data     extern C:\MCC18\src\traditional\proc\p18F4525.asm
                  ECCP1AS   0x000fb6       data     extern C:\MCC18\src\traditional\proc\p18F4525.asm
              ECCP1ASbits   0x000fb6       data     extern C:\MCC18\src\traditional\proc\p18F4525.asm
                   ECCPAS   0x000fb6       data     extern C:\MCC18\src\traditional\proc\p18F4525.asm
               ECCPASbits   0x000fb6       data     extern C:\MCC18\src\traditional\proc\p18F4525.asm
                    EEADR   0x000fa9       data     extern C:\MCC18\src\traditional\proc\p18F4525.asm
                   EEADRH   0x000faa       data     extern C:\MCC18\src\traditional\proc\p18F4525.asm
                   EECON1   0x000fa6       data     extern C:\MCC18\src\traditional\proc\p18F4525.asm
               EECON1bits   0x000fa6       data     extern C:\MCC18\src\traditional\proc\p18F4525.asm
                   EECON2   0x000fa7       data     extern C:\MCC18\src\traditional\proc\p18F4525.asm
                   EEDATA   0x000fa8       data     extern C:\MCC18\src\traditional\proc\p18F4525.asm
                     FSR0   0x000fe9       data     extern C:\MCC18\src\traditional\proc\p18F4525.asm
                    FSR0H   0x000fea       data     extern C:\MCC18\src\traditional\proc\p18F4525.asm
                    FSR0L   0x000fe9       data     extern C:\MCC18\src\traditional\proc\p18F4525.asm
                     FSR1   0x000fe1       data     extern C:\MCC18\src\traditional\proc\p18F4525.asm
                    FSR1H   0x000fe2       data     extern C:\MCC18\src\traditional\proc\p18F4525.asm
                    FSR1L   0x000fe1       data     extern C:\MCC18\src\traditional\proc\p18F4525.asm
                     FSR2   0x000fd9       data     extern C:\MCC18\src\traditional\proc\p18F4525.asm
                    FSR2H   0x000fda       data     extern C:\MCC18\src\traditional\proc\p18F4525.asm
                    FSR2L   0x000fd9       data     extern C:\MCC18\src\traditional\proc\p18F4525.asm
                  HLVDCON   0x000fd2       data     extern C:\MCC18\src\traditional\proc\p18F4525.asm
              HLVDCONbits   0x000fd2       data     extern C:\MCC18\src\traditional\proc\p18F4525.asm
                    INDF0   0x000fef       data     extern C:\MCC18\src\traditional\proc\p18F4525.asm
                    INDF1   0x000fe7       data     extern C:\MCC18\src\traditional\proc\p18F4525.asm
                    INDF2   0x000fdf       data     extern C:\MCC18\src\traditional\proc\p18F4525.asm
                   INTCON   0x000ff2       data     extern C:\MCC18\src\traditional\proc\p18F4525.asm
                  INTCON2   0x000ff1       data     extern C:\MCC18\src\traditional\proc\p18F4525.asm
              INTCON2bits   0x000ff1       data     extern C:\MCC18\src\traditional\proc\p18F4525.asm
                  INTCON3   0x000ff0       data     extern C:\MCC18\src\traditional\proc\p18F4525.asm
              INTCON3bits   0x000ff0       data     extern C:\MCC18\src\traditional\proc\p18F4525.asm
               INTCONbits   0x000ff2       data     extern C:\MCC18\src\traditional\proc\p18F4525.asm
                     IPR1   0x000f9f       data     extern C:\MCC18\src\traditional\proc\p18F4525.asm
                 IPR1bits   0x000f9f       data     extern C:\MCC18\src\traditional\proc\p18F4525.asm
                     IPR2   0x000fa2       data     extern C:\MCC18\src\traditional\proc\p18F4525.asm
                 IPR2bits   0x000fa2       data     extern C:\MCC18\src\traditional\proc\p18F4525.asm
                     LATA   0x000f89       data     extern C:\MCC18\src\traditional\proc\p18F4525.asm
                 LATAbits   0x000f89       data     extern C:\MCC18\src\traditional\proc\p18F4525.asm
                     LATB   0x000f8a       data     extern C:\MCC18\src\traditional\proc\p18F4525.asm
                 LATBbits   0x000f8a       data     extern C:\MCC18\src\traditional\proc\p18F4525.asm
                     LATC   0x000f8b       data     extern C:\MCC18\src\traditional\proc\p18F4525.asm
                 LATCbits   0x000f8b       data     extern C:\MCC18\src\traditional\proc\p18F4525.asm
                     LATD   0x000f8c       data     extern C:\MCC18\src\traditional\proc\p18F4525.asm
                 LATDbits   0x000f8c       data     extern C:\MCC18\src\traditional\proc\p18F4525.asm
                     LATE   0x000f8d       data     extern C:\MCC18\src\traditional\proc\p18F4525.asm
                 LATEbits   0x000f8d       data     extern C:\MCC18\src\traditional\proc\p18F4525.asm
                  LMspeed   0x000081       data     extern E:\MyProjects_1\robot_diagnostic1100\process_command.c
                   LVDCON   0x000fd2       data     extern C:\MCC18\src\traditional\proc\p18F4525.asm
               LVDCONbits   0x000fd2       data     extern C:\MCC18\src\traditional\proc\p18F4525.asm
                   OSCCON   0x000fd3       data     extern C:\MCC18\src\traditional\proc\p18F4525.asm
               OSCCONbits   0x000fd3       data     extern C:\MCC18\src\traditional\proc\p18F4525.asm
                  OSCTUNE   0x000f9b       data     extern C:\MCC18\src\traditional\proc\p18F4525.asm
              OSCTUNEbits   0x000f9b       data     extern C:\MCC18\src\traditional\proc\p18F4525.asm
                       PC   0x000ff9       data     extern C:\MCC18\src\traditional\proc\p18F4525.asm
                      PCL   0x000ff9       data     extern C:\MCC18\src\traditional\proc\p18F4525.asm
                   PCLATH   0x000ffa       data     extern C:\MCC18\src\traditional\proc\p18F4525.asm
                   PCLATU   0x000ffb       data     extern C:\MCC18\src\traditional\proc\p18F4525.asm
                     PIE1   0x000f9d       data     extern C:\MCC18\src\traditional\proc\p18F4525.asm
                 PIE1bits   0x000f9d       data     extern C:\MCC18\src\traditional\proc\p18F4525.asm
                     PIE2   0x000fa0       data     extern C:\MCC18\src\traditional\proc\p18F4525.asm
                 PIE2bits   0x000fa0       data     extern C:\MCC18\src\traditional\proc\p18F4525.asm
                     PIR1   0x000f9e       data     extern C:\MCC18\src\traditional\proc\p18F4525.asm
                 PIR1bits   0x000f9e       data     extern C:\MCC18\src\traditional\proc\p18F4525.asm
                     PIR2   0x000fa1       data     extern C:\MCC18\src\traditional\proc\p18F4525.asm
                 PIR2bits   0x000fa1       data     extern C:\MCC18\src\traditional\proc\p18F4525.asm
                   PLUSW0   0x000feb       data     extern C:\MCC18\src\traditional\proc\p18F4525.asm
                   PLUSW1   0x000fe3       data     extern C:\MCC18\src\traditional\proc\p18F4525.asm
                   PLUSW2   0x000fdb       data     extern C:\MCC18\src\traditional\proc\p18F4525.asm
                    PORTA   0x000f80       data     extern C:\MCC18\src\traditional\proc\p18F4525.asm
                PORTAbits   0x000f80       data     extern C:\MCC18\src\traditional\proc\p18F4525.asm
                    PORTB   0x000f81       data     extern C:\MCC18\src\traditional\proc\p18F4525.asm
                PORTBbits   0x000f81       data     extern C:\MCC18\src\traditional\proc\p18F4525.asm
                    PORTC   0x000f82       data     extern C:\MCC18\src\traditional\proc\p18F4525.asm
                PORTCbits   0x000f82       data     extern C:\MCC18\src\traditional\proc\p18F4525.asm
                    PORTD   0x000f83       data     extern C:\MCC18\src\traditional\proc\p18F4525.asm
                PORTDbits   0x000f83       data     extern C:\MCC18\src\traditional\proc\p18F4525.asm
                    PORTE   0x000f84       data     extern C:\MCC18\src\traditional\proc\p18F4525.asm
                PORTEbits   0x000f84       data     extern C:\MCC18\src\traditional\proc\p18F4525.asm
                 POSTDEC0   0x000fed       data     extern C:\MCC18\src\traditional\proc\p18F4525.asm
                 POSTDEC1   0x000fe5       data     extern C:\MCC18\src\traditional\proc\p18F4525.asm
                 POSTDEC2   0x000fdd       data     extern C:\MCC18\src\traditional\proc\p18F4525.asm
                 POSTINC0   0x000fee       data     extern C:\MCC18\src\traditional\proc\p18F4525.asm
                 POSTINC1   0x000fe6       data     extern C:\MCC18\src\traditional\proc\p18F4525.asm
                 POSTINC2   0x000fde       data     extern C:\MCC18\src\traditional\proc\p18F4525.asm
                      PR2   0x000fcb       data     extern C:\MCC18\src\traditional\proc\p18F4525.asm
                  PREINC0   0x000fec       data     extern C:\MCC18\src\traditional\proc\p18F4525.asm
                  PREINC1   0x000fe4       data     extern C:\MCC18\src\traditional\proc\p18F4525.asm
                  PREINC2   0x000fdc       data     extern C:\MCC18\src\traditional\proc\p18F4525.asm
                     PROD   0x000ff3       data     extern C:\MCC18\src\traditional\proc\p18F4525.asm
                    PRODH   0x000ff4       data     extern C:\MCC18\src\traditional\proc\p18F4525.asm
                    PRODL   0x000ff3       data     extern C:\MCC18\src\traditional\proc\p18F4525.asm
                  PWM1CON   0x000fb7       data     extern C:\MCC18\src\traditional\proc\p18F4525.asm
              PWM1CONbits   0x000fb7       data     extern C:\MCC18\src\traditional\proc\p18F4525.asm
                     RCON   0x000fd0       data     extern C:\MCC18\src\traditional\proc\p18F4525.asm
                 RCONbits   0x000fd0       data     extern C:\MCC18\src\traditional\proc\p18F4525.asm
                    RCREG   0x000fae       data     extern C:\MCC18\src\traditional\proc\p18F4525.asm
                    RCSTA   0x000fab       data     extern C:\MCC18\src\traditional\proc\p18F4525.asm
                RCSTAbits   0x000fab       data     extern C:\MCC18\src\traditional\proc\p18F4525.asm
                  RMspeed   0x000082       data     extern E:\MyProjects_1\robot_diagnostic1100\process_command.c
                     SIGN   0x000000       data     extern C:\MCC18\src\traditional\math\cmath18.asm
                    SPBRG   0x000faf       data     extern C:\MCC18\src\traditional\proc\p18F4525.asm
                   SPBRGH   0x000fb0       data     extern C:\MCC18\src\traditional\proc\p18F4525.asm
                   SSPADD   0x000fc8       data     extern C:\MCC18\src\traditional\proc\p18F4525.asm
                   SSPBUF   0x000fc9       data     extern C:\MCC18\src\traditional\proc\p18F4525.asm
                  SSPCON1   0x000fc6       data     extern C:\MCC18\src\traditional\proc\p18F4525.asm
              SSPCON1bits   0x000fc6       data     extern C:\MCC18\src\traditional\proc\p18F4525.asm
                  SSPCON2   0x000fc5       data     extern C:\MCC18\src\traditional\proc\p18F4525.asm
              SSPCON2bits   0x000fc5       data     extern C:\MCC18\src\traditional\proc\p18F4525.asm
                  SSPSTAT   0x000fc7       data     extern C:\MCC18\src\traditional\proc\p18F4525.asm
              SSPSTATbits   0x000fc7       data     extern C:\MCC18\src\traditional\proc\p18F4525.asm
                   STATUS   0x000fd8       data     extern C:\MCC18\src\traditional\proc\p18F4525.asm
               STATUSbits   0x000fd8       data     extern C:\MCC18\src\traditional\proc\p18F4525.asm
                   STKPTR   0x000ffc       data     extern C:\MCC18\src\traditional\proc\p18F4525.asm
               STKPTRbits   0x000ffc       data     extern C:\MCC18\src\traditional\proc\p18F4525.asm
                  SeeLine   0x000099       data     extern E:\MyProjects_1\robot_diagnostic1100\sumovore.c
                    T0CON   0x000fd5       data     extern C:\MCC18\src\traditional\proc\p18F4525.asm
                T0CONbits   0x000fd5       data     extern C:\MCC18\src\traditional\proc\p18F4525.asm
                    T1CON   0x000fcd       data     extern C:\MCC18\src\traditional\proc\p18F4525.asm
                T1CONbits   0x000fcd       data     extern C:\MCC18\src\traditional\proc\p18F4525.asm
                    T2CON   0x000fca       data     extern C:\MCC18\src\traditional\proc\p18F4525.asm
                T2CONbits   0x000fca       data     extern C:\MCC18\src\traditional\proc\p18F4525.asm
                    T3CON   0x000fb1       data     extern C:\MCC18\src\traditional\proc\p18F4525.asm
                T3CONbits   0x000fb1       data     extern C:\MCC18\src\traditional\proc\p18F4525.asm
                   TABLAT   0x000ff5       data     extern C:\MCC18\src\traditional\proc\p18F4525.asm
                   TBLPTR   0x000ff6       data     extern C:\MCC18\src\traditional\proc\p18F4525.asm
                  TBLPTRH   0x000ff7       data     extern C:\MCC18\src\traditional\proc\p18F4525.asm
                  TBLPTRL   0x000ff6       data     extern C:\MCC18\src\traditional\proc\p18F4525.asm
                  TBLPTRU   0x000ff8       data     extern C:\MCC18\src\traditional\proc\p18F4525.asm
                    TMR0H   0x000fd7       data     extern C:\MCC18\src\traditional\proc\p18F4525.asm
                    TMR0L   0x000fd6       data     extern C:\MCC18\src\traditional\proc\p18F4525.asm
                    TMR1H   0x000fcf       data     extern C:\MCC18\src\traditional\proc\p18F4525.asm
                    TMR1L   0x000fce       data     extern C:\MCC18\src\traditional\proc\p18F4525.asm
                     TMR2   0x000fcc       data     extern C:\MCC18\src\traditional\proc\p18F4525.asm
                    TMR3H   0x000fb3       data     extern C:\MCC18\src\traditional\proc\p18F4525.asm
                    TMR3L   0x000fb2       data     extern C:\MCC18\src\traditional\proc\p18F4525.asm
                      TOS   0x000ffd       data     extern C:\MCC18\src\traditional\proc\p18F4525.asm
                     TOSH   0x000ffe       data     extern C:\MCC18\src\traditional\proc\p18F4525.asm
                     TOSL   0x000ffd       data     extern C:\MCC18\src\traditional\proc\p18F4525.asm
                     TOSU   0x000fff       data     extern C:\MCC18\src\traditional\proc\p18F4525.asm
                    TRISA   0x000f92       data     extern C:\MCC18\src\traditional\proc\p18F4525.asm
                TRISAbits   0x000f92       data     extern C:\MCC18\src\traditional\proc\p18F4525.asm
                    TRISB   0x000f93       data     extern C:\MCC18\src\traditional\proc\p18F4525.asm
                TRISBbits   0x000f93       data     extern C:\MCC18\src\traditional\proc\p18F4525.asm
                    TRISC   0x000f94       data     extern C:\MCC18\src\traditional\proc\p18F4525.asm
                TRISCbits   0x000f94       data     extern C:\MCC18\src\traditional\proc\p18F4525.asm
                    TRISD   0x000f95       data     extern C:\MCC18\src\traditional\proc\p18F4525.asm
                TRISDbits   0x000f95       data     extern C:\MCC18\src\traditional\proc\p18F4525.asm
                    TRISE   0x000f96       data     extern C:\MCC18\src\traditional\proc\p18F4525.asm
                TRISEbits   0x000f96       data     extern C:\MCC18\src\traditional\proc\p18F4525.asm
                    TXREG   0x000fad       data     extern C:\MCC18\src\traditional\proc\p18F4525.asm
                    TXSTA   0x000fac       data     extern C:\MCC18\src\traditional\proc\p18F4525.asm
                TXSTAbits   0x000fac       data     extern C:\MCC18\src\traditional\proc\p18F4525.asm
             USART_Status   0x0000ba       data     extern C:\MCC18\src\pmc_common\USART\udefs.c
                        W   0x000fe8       data     extern C:\MCC18\src\traditional\proc\p18F4525.asm
                   WDTCON   0x000fd1       data     extern C:\MCC18\src\traditional\proc\p18F4525.asm
               WDTCONbits   0x000fd1       data     extern C:\MCC18\src\traditional\proc\p18F4525.asm
                     WREG   0x000fe8       data     extern C:\MCC18\src\traditional\proc\p18F4525.asm
                 __AARGB0   0x000009       data     extern C:\MCC18\src\traditional\math\aarg.asm
                 __AARGB1   0x000008       data     extern C:\MCC18\src\traditional\math\aarg.asm
                 __AARGB2   0x000007       data     extern C:\MCC18\src\traditional\math\aarg.asm
                 __AARGB3   0x000006       data     extern C:\MCC18\src\traditional\math\aarg.asm
                 __AARGB4   0x000005       data     extern C:\MCC18\src\traditional\math\aarg.asm
                 __AARGB5   0x000004       data     extern C:\MCC18\src\traditional\math\aarg.asm
                 __AARGB6   0x000003       data     extern C:\MCC18\src\traditional\math\aarg.asm
                 __AARGB7   0x000002       data     extern C:\MCC18\src\traditional\math\aarg.asm
                   __AEXP   0x00000a       data     extern C:\MCC18\src\traditional\math\aarg.asm
                 __BARGB0   0x00000e       data     extern C:\MCC18\src\traditional\math\barg.asm
                 __BARGB1   0x00000d       data     extern C:\MCC18\src\traditional\math\barg.asm
                 __BARGB2   0x00000c       data     extern C:\MCC18\src\traditional\math\barg.asm
                 __BARGB3   0x00000b       data     extern C:\MCC18\src\traditional\math\barg.asm
                   __BEXP   0x00000f       data     extern C:\MCC18\src\traditional\math\barg.asm
                __FPFLAGS   0x000001       data     extern C:\MCC18\src\traditional\math\cmath18.asm
            __FPFLAGSbits   0x000001       data     extern C:\MCC18\src\traditional\math\cmath18.asm
                  __REMB0   0x000005       data     extern C:\MCC18\src\traditional\math\aarg.asm
                  __REMB1   0x000004       data     extern C:\MCC18\src\traditional\math\aarg.asm
                  __REMB2   0x000003       data     extern C:\MCC18\src\traditional\math\aarg.asm
                  __REMB3   0x000002       data     extern C:\MCC18\src\traditional\math\aarg.asm
                   __TEMP   0x000013       data     extern C:\MCC18\src\traditional\math\temparg.asm
                 __TEMPB0   0x000013       data     extern C:\MCC18\src\traditional\math\temparg.asm
                 __TEMPB1   0x000012       data     extern C:\MCC18\src\traditional\math\temparg.asm
                 __TEMPB2   0x000011       data     extern C:\MCC18\src\traditional\math\temparg.asm
                 __TEMPB3   0x000010       data     extern C:\MCC18\src\traditional\math\temparg.asm
                  __tmp_0   0x000014       data     static C:\MCC18\src\traditional\stdclib\printf.c
                  __tmp_0   0x000014       data     static C:\MCC18\src\traditional\stdclib\vfprintf.c
                  __tmp_0   0x000014       data     static C:\MCC18\src\traditional\stdclib\putc.c
                  __tmp_0   0x000014       data     static E:\MyProjects_1\robot_diagnostic1100\main.c
                  __tmp_0   0x000014       data     static E:\MyProjects_1\robot_diagnostic1100\process_command.c
                  __tmp_0   0x000014       data     static E:\MyProjects_1\robot_diagnostic1100\sumovore.c
                  __tmp_0   0x000014       data     static E:\MyProjects_1\robot_diagnostic1100\sensor.c
                  __tmp_0   0x000014       data     static E:\MyProjects_1\Functions\osc.c
                  __tmp_0   0x000014       data     static C:\MCC18\src\pmc_common\ADC\adcopen.c
                  __tmp_0   0x000014       data     static C:\MCC18\src\pmc_common\USART\uopen.c
                  __tmp_0   0x000014       data     static C:\MCC18\src\pmc_common\ADC\adcread.c
                  __tmp_0   0x000014       data     static C:\MCC18\src\pmc_common\ADC\adcsetch.c
                  __tmp_0   0x000014       data     static C:\MCC18\src\pmc_common\PWM\pw1setdc.c
                  __tmp_0   0x000014       data     static C:\MCC18\src\pmc_common\PWM\pw2setdc.c
                auto_mode   0x000096       data     static E:\MyProjects_1\robot_diagnostic1100\process_command.c
                    count   0x0000b2       data     extern E:\MyProjects_1\robot_diagnostic1100\motor_control.c
                curr_byte   0x0000ab       data     static C:\MCC18\src\traditional\startup\c018i.c
               curr_entry   0x0000ad       data     static C:\MCC18\src\traditional\startup\c018i.c
                 data_ptr   0x0000af       data     static C:\MCC18\src\traditional\startup\c018i.c
             data_to_send   0x000080       data     extern E:\MyProjects_1\robot_diagnostic1100\process_command.c
              get_command   0x000093       data     static E:\MyProjects_1\robot_diagnostic1100\process_command.c
                 min_diff   0x000083       data     static E:\MyProjects_1\robot_diagnostic1100\process_command.c
             motor_speeds   0x00009a       data     static E:\MyProjects_1\robot_diagnostic1100\sumovore.c
                near_peak   0x000097       data     static E:\MyProjects_1\robot_diagnostic1100\process_command.c
                     prom   0x0000a8       data     static C:\MCC18\src\traditional\startup\c018i.c
                   stdout   0x0000b8       data     extern C:\MCC18\src\traditional\stdclib\stdout.c
                threshold   0x0000b6       data     extern E:\MyProjects_1\robot_diagnostic1100\sumovore.c
                    value   0x00008b       data     static E:\MyProjects_1\robot_diagnostic1100\process_command.c



                              Symbols - Sorted by Address
                     Name    Address   Location    Storage File                     
                ---------  ---------  ---------  --------- ---------                
                   _entry   0x000000    program     extern C:\MCC18\src\traditional\startup\c018i.c
       ___return_lbl00000   0x000004    program     static                          
          process_command   0x000038    program     extern E:\MyProjects_1\robot_diagnostic1100\process_command.c
        get_command_char1   0x0000b8    program     extern E:\MyProjects_1\robot_diagnostic1100\process_command.c
       get_command_Mchar2   0x000134    program     extern E:\MyProjects_1\robot_diagnostic1100\process_command.c
       get_command_Schar2   0x000206    program     extern E:\MyProjects_1\robot_diagnostic1100\process_command.c
      get_command_MLchar3   0x0003e8    program     extern E:\MyProjects_1\robot_diagnostic1100\process_command.c
  get_command_MLchar3_rev   0x000588    program     extern E:\MyProjects_1\robot_diagnostic1100\process_command.c
      get_command_MRchar3   0x000728    program     extern E:\MyProjects_1\robot_diagnostic1100\process_command.c
  get_command_MRchar3_rev   0x0008e2    program     extern E:\MyProjects_1\robot_diagnostic1100\process_command.c
            get_threshold   0x000a9c    program     extern E:\MyProjects_1\robot_diagnostic1100\process_command.c
       get_threshold_next   0x000b36    program     extern E:\MyProjects_1\robot_diagnostic1100\process_command.c
      automatic_threshold   0x000cd0    program     extern E:\MyProjects_1\robot_diagnostic1100\process_command.c
automatic_threshold_gap_right   0x000d1a    program     extern E:\MyProjects_1\robot_diagnostic1100\process_command.c
automatic_threshold_gap_cright   0x000e94    program     extern E:\MyProjects_1\robot_diagnostic1100\process_command.c
automatic_threshold_gap_cleft   0x00100c    program     extern E:\MyProjects_1\robot_diagnostic1100\process_command.c
automatic_threshold_gap_left   0x001184    program     extern E:\MyProjects_1\robot_diagnostic1100\process_command.c
               abortcheck   0x0013e8    program     extern E:\MyProjects_1\robot_diagnostic1100\process_command.c
            s_put_n_chars   0x001456    program     static C:\MCC18\src\traditional\stdclib\vfprintf.c
                 vfprintf   0x001482    program     extern C:\MCC18\src\traditional\stdclib\vfprintf.c
              __tmplbl_85   0x0014ac    program     static                          
              __tmplbl_44   0x001d5a    program     static                          
              __tmplbl_43   0x001d74    program     static                          
                   __pa_0   0x001d96    program     static C:\MCC18\src\traditional\stdclib\vfprintf.c
                   __pa_1   0x001d9e    program     static C:\MCC18\src\traditional\stdclib\vfprintf.c
                   __pa_2   0x001da8    program     static C:\MCC18\src\traditional\stdclib\vfprintf.c
                   __pa_3   0x001db2    program     static C:\MCC18\src\traditional\stdclib\vfprintf.c
                   __pa_4   0x001dca    program     static C:\MCC18\src\traditional\stdclib\vfprintf.c
                   __pa_5   0x001dde    program     static C:\MCC18\src\traditional\stdclib\vfprintf.c
                   __pa_6   0x001dfa    program     static C:\MCC18\src\traditional\stdclib\vfprintf.c
                   __pa_7   0x001e04    program     static C:\MCC18\src\traditional\stdclib\vfprintf.c
                   __pa_8   0x001e10    program     static C:\MCC18\src\traditional\stdclib\vfprintf.c
                   __pa_9   0x001e32    program     static C:\MCC18\src\traditional\stdclib\vfprintf.c
                  __pa_10   0x001e52    program     static C:\MCC18\src\traditional\stdclib\vfprintf.c
                  __pa_11   0x001e60    program     static C:\MCC18\src\traditional\stdclib\vfprintf.c
                  __pa_12   0x001e76    program     static C:\MCC18\src\traditional\stdclib\vfprintf.c
                  __pa_13   0x001e90    program     static C:\MCC18\src\traditional\stdclib\vfprintf.c
                  __pa_14   0x001ea8    program     static C:\MCC18\src\traditional\stdclib\vfprintf.c
                  __pa_15   0x001eb8    program     static C:\MCC18\src\traditional\stdclib\vfprintf.c
                  __pa_16   0x001ece    program     static C:\MCC18\src\traditional\stdclib\vfprintf.c
                  __pa_17   0x001ee0    program     static C:\MCC18\src\traditional\stdclib\vfprintf.c
                  __pa_18   0x001ef2    program     static C:\MCC18\src\traditional\stdclib\vfprintf.c
                  __pa_19   0x001efc    program     static C:\MCC18\src\traditional\stdclib\vfprintf.c
                  __pa_20   0x001f0c    program     static C:\MCC18\src\traditional\stdclib\vfprintf.c
                  __pa_21   0x001f1c    program     static C:\MCC18\src\traditional\stdclib\vfprintf.c
                  __pa_22   0x001f2c    program     static C:\MCC18\src\traditional\stdclib\vfprintf.c
              __tmplbl_42   0x001f2c    program     static                          
                  __pa_23   0x001f38    program     static C:\MCC18\src\traditional\stdclib\vfprintf.c
                  __pa_24   0x001f46    program     static C:\MCC18\src\traditional\stdclib\vfprintf.c
                  __pa_25   0x001f4e    program     static C:\MCC18\src\traditional\stdclib\vfprintf.c
                  __pa_26   0x001f58    program     static C:\MCC18\src\traditional\stdclib\vfprintf.c
                  __pa_27   0x001f62    program     static C:\MCC18\src\traditional\stdclib\vfprintf.c
                  __pa_28   0x001f6a    program     static C:\MCC18\src\traditional\stdclib\vfprintf.c
                  __pa_29   0x001f78    program     static C:\MCC18\src\traditional\stdclib\vfprintf.c
                  __pa_30   0x001f94    program     static C:\MCC18\src\traditional\stdclib\vfprintf.c
                  __pa_31   0x001fae    program     static C:\MCC18\src\traditional\stdclib\vfprintf.c
                  __pa_32   0x001fc8    program     static C:\MCC18\src\traditional\stdclib\vfprintf.c
                  __pa_33   0x001fe0    program     static C:\MCC18\src\traditional\stdclib\vfprintf.c
                  __pa_34   0x001fea    program     static C:\MCC18\src\traditional\stdclib\vfprintf.c
                  __pa_35   0x001ff8    program     static C:\MCC18\src\traditional\stdclib\vfprintf.c
                  __pa_36   0x002000    program     static C:\MCC18\src\traditional\stdclib\vfprintf.c
                  __pa_37   0x00200a    program     static C:\MCC18\src\traditional\stdclib\vfprintf.c
                  __pa_38   0x00201a    program     static C:\MCC18\src\traditional\stdclib\vfprintf.c
                  __pa_39   0x002028    program     static C:\MCC18\src\traditional\stdclib\vfprintf.c
                  __pa_40   0x002034    program     static C:\MCC18\src\traditional\stdclib\vfprintf.c
                  __pa_41   0x002040    program     static C:\MCC18\src\traditional\stdclib\vfprintf.c
                  __pa_42   0x002048    program     static C:\MCC18\src\traditional\stdclib\vfprintf.c
                  __pa_43   0x002052    program     static C:\MCC18\src\traditional\stdclib\vfprintf.c
                  __pa_44   0x002058    program     static C:\MCC18\src\traditional\stdclib\vfprintf.c
                  __pa_45   0x002062    program     static C:\MCC18\src\traditional\stdclib\vfprintf.c
                  __pa_46   0x00206e    program     static C:\MCC18\src\traditional\stdclib\vfprintf.c
               __string_1   0x002078    program     static E:\MyProjects_1\robot_diagnostic1100\main.c
               __string_0   0x00209e    program     static E:\MyProjects_1\robot_diagnostic1100\main.c
               __string_0   0x0020a1    program     static E:\MyProjects_1\robot_diagnostic1100\motor_control.c
              __string_50   0x0020c5    program     static E:\MyProjects_1\robot_diagnostic1100\process_command.c
              __string_49   0x0020f1    program     static E:\MyProjects_1\robot_diagnostic1100\process_command.c
              __string_48   0x0020f6    program     static E:\MyProjects_1\robot_diagnostic1100\process_command.c
              __string_47   0x002128    program     static E:\MyProjects_1\robot_diagnostic1100\process_command.c
              __string_46   0x002157    program     static E:\MyProjects_1\robot_diagnostic1100\process_command.c
              __string_45   0x00217a    program     static E:\MyProjects_1\robot_diagnostic1100\process_command.c
              __string_44   0x00219e    program     static E:\MyProjects_1\robot_diagnostic1100\process_command.c
              __string_43   0x0021b7    program     static E:\MyProjects_1\robot_diagnostic1100\process_command.c
              __string_42   0x0021ba    program     static E:\MyProjects_1\robot_diagnostic1100\process_command.c
              __string_41   0x0021dd    program     static E:\MyProjects_1\robot_diagnostic1100\process_command.c
              __string_40   0x0021f2    program     static E:\MyProjects_1\robot_diagnostic1100\process_command.c
              __string_39   0x00220e    program     static E:\MyProjects_1\robot_diagnostic1100\process_command.c
              __string_38   0x00222c    program     static E:\MyProjects_1\robot_diagnostic1100\process_command.c
              __string_37   0x002248    program     static E:\MyProjects_1\robot_diagnostic1100\process_command.c
              __string_36   0x002256    program     static E:\MyProjects_1\robot_diagnostic1100\process_command.c
              __string_35   0x002279    program     static E:\MyProjects_1\robot_diagnostic1100\process_command.c
              __string_34   0x002288    program     static E:\MyProjects_1\robot_diagnostic1100\process_command.c
              __string_33   0x00229d    program     static E:\MyProjects_1\robot_diagnostic1100\process_command.c
              __string_32   0x0022b2    program     static E:\MyProjects_1\robot_diagnostic1100\process_command.c
              __string_31   0x0022ce    program     static E:\MyProjects_1\robot_diagnostic1100\process_command.c
              __string_30   0x0022ec    program     static E:\MyProjects_1\robot_diagnostic1100\process_command.c
              __string_29   0x002308    program     static E:\MyProjects_1\robot_diagnostic1100\process_command.c
              __string_28   0x00232a    program     static E:\MyProjects_1\robot_diagnostic1100\process_command.c
              __string_27   0x00233e    program     static E:\MyProjects_1\robot_diagnostic1100\process_command.c
              __string_26   0x00235a    program     static E:\MyProjects_1\robot_diagnostic1100\process_command.c
              __string_25   0x00237b    program     static E:\MyProjects_1\robot_diagnostic1100\process_command.c
              __string_24   0x00239e    program     static E:\MyProjects_1\robot_diagnostic1100\process_command.c
              __string_23   0x0023bf    program     static E:\MyProjects_1\robot_diagnostic1100\process_command.c
              __string_22   0x0023ca    program     static E:\MyProjects_1\robot_diagnostic1100\process_command.c
              __string_21   0x0023ec    program     static E:\MyProjects_1\robot_diagnostic1100\process_command.c
              __string_20   0x0023f5    program     static E:\MyProjects_1\robot_diagnostic1100\process_command.c
              __string_19   0x0023fd    program     static E:\MyProjects_1\robot_diagnostic1100\process_command.c
              __string_18   0x002407    program     static E:\MyProjects_1\robot_diagnostic1100\process_command.c
              __string_17   0x00240f    program     static E:\MyProjects_1\robot_diagnostic1100\process_command.c
              __string_16   0x002423    program     static E:\MyProjects_1\robot_diagnostic1100\process_command.c
              __string_15   0x002437    program     static E:\MyProjects_1\robot_diagnostic1100\process_command.c
              __string_14   0x002450    program     static E:\MyProjects_1\robot_diagnostic1100\process_command.c
              __string_13   0x00246b    program     static E:\MyProjects_1\robot_diagnostic1100\process_command.c
              __string_12   0x002484    program     static E:\MyProjects_1\robot_diagnostic1100\process_command.c
              __string_11   0x002492    program     static E:\MyProjects_1\robot_diagnostic1100\process_command.c
              __string_10   0x0024bf    program     static E:\MyProjects_1\robot_diagnostic1100\process_command.c
               __string_9   0x0024e1    program     static E:\MyProjects_1\robot_diagnostic1100\process_command.c
               __string_8   0x002509    program     static E:\MyProjects_1\robot_diagnostic1100\process_command.c
               __string_7   0x00251a    program     static E:\MyProjects_1\robot_diagnostic1100\process_command.c
               __string_6   0x00252b    program     static E:\MyProjects_1\robot_diagnostic1100\process_command.c
               __string_5   0x00253c    program     static E:\MyProjects_1\robot_diagnostic1100\process_command.c
               __string_4   0x00254d    program     static E:\MyProjects_1\robot_diagnostic1100\process_command.c
               __string_3   0x00255e    program     static E:\MyProjects_1\robot_diagnostic1100\process_command.c
               __string_2   0x00256a    program     static E:\MyProjects_1\robot_diagnostic1100\process_command.c
               __string_1   0x002578    program     static E:\MyProjects_1\robot_diagnostic1100\process_command.c
               __string_0   0x002588    program     static E:\MyProjects_1\robot_diagnostic1100\process_command.c
              __string_26   0x002597    program     static E:\MyProjects_1\robot_diagnostic1100\menu.c
              __string_25   0x0025c3    program     static E:\MyProjects_1\robot_diagnostic1100\menu.c
              __string_24   0x0025e6    program     static E:\MyProjects_1\robot_diagnostic1100\menu.c
              __string_23   0x002606    program     static E:\MyProjects_1\robot_diagnostic1100\menu.c
              __string_22   0x002623    program     static E:\MyProjects_1\robot_diagnostic1100\menu.c
              __string_21   0x002640    program     static E:\MyProjects_1\robot_diagnostic1100\menu.c
              __string_20   0x00265d    program     static E:\MyProjects_1\robot_diagnostic1100\menu.c
              __string_19   0x00267a    program     static E:\MyProjects_1\robot_diagnostic1100\menu.c
              __string_18   0x002699    program     static E:\MyProjects_1\robot_diagnostic1100\menu.c
              __string_17   0x0026af    program     static E:\MyProjects_1\robot_diagnostic1100\menu.c
              __string_16   0x0026bd    program     static E:\MyProjects_1\robot_diagnostic1100\menu.c
              __string_15   0x0026dd    program     static E:\MyProjects_1\robot_diagnostic1100\menu.c
              __string_14   0x0026fd    program     static E:\MyProjects_1\robot_diagnostic1100\menu.c
              __string_13   0x002710    program     static E:\MyProjects_1\robot_diagnostic1100\menu.c
              __string_12   0x002725    program     static E:\MyProjects_1\robot_diagnostic1100\menu.c
              __string_11   0x00273a    program     static E:\MyProjects_1\robot_diagnostic1100\menu.c
              __string_10   0x002753    program     static E:\MyProjects_1\robot_diagnostic1100\menu.c
               __string_9   0x002765    program     static E:\MyProjects_1\robot_diagnostic1100\menu.c
               __string_8   0x002779    program     static E:\MyProjects_1\robot_diagnostic1100\menu.c
               __string_7   0x00278e    program     static E:\MyProjects_1\robot_diagnostic1100\menu.c
               __string_6   0x0027b2    program     static E:\MyProjects_1\robot_diagnostic1100\menu.c
               __string_5   0x0027c2    program     static E:\MyProjects_1\robot_diagnostic1100\menu.c
[...]
                 data_ptr   0x0000af       data     static C:\MCC18\src\traditional\startup\c018i.c
                    count   0x0000b2       data     extern E:\MyProjects_1\robot_diagnostic1100\motor_control.c
                threshold   0x0000b6       data     extern E:\MyProjects_1\robot_diagnostic1100\sumovore.c
                   stdout   0x0000b8       data     extern C:\MCC18\src\traditional\stdclib\stdout.c
             USART_Status   0x0000ba       data     extern C:\MCC18\src\pmc_common\USART\udefs.c
                PORTAbits   0x000f80       data     extern C:\MCC18\src\traditional\proc\p18F4525.asm
                    PORTA   0x000f80       data     extern C:\MCC18\src\traditional\proc\p18F4525.asm
                PORTBbits   0x000f81       data     extern C:\MCC18\src\traditional\proc\p18F4525.asm
                    PORTB   0x000f81       data     extern C:\MCC18\src\traditional\proc\p18F4525.asm
                PORTCbits   0x000f82       data     extern C:\MCC18\src\traditional\proc\p18F4525.asm
                    PORTC   0x000f82       data     extern C:\MCC18\src\traditional\proc\p18F4525.asm
                PORTDbits   0x000f83       data     extern C:\MCC18\src\traditional\proc\p18F4525.asm
                    PORTD   0x000f83       data     extern C:\MCC18\src\traditional\proc\p18F4525.asm
                PORTEbits   0x000f84       data     extern C:\MCC18\src\traditional\proc\p18F4525.asm
                    PORTE   0x000f84       data     extern C:\MCC18\src\traditional\proc\p18F4525.asm
                     LATA   0x000f89       data     extern C:\MCC18\src\traditional\proc\p18F4525.asm
                 LATAbits   0x000f89       data     extern C:\MCC18\src\traditional\proc\p18F4525.asm
                 LATBbits   0x000f8a       data     extern C:\MCC18\src\traditional\proc\p18F4525.asm
                     LATB   0x000f8a       data     extern C:\MCC18\src\traditional\proc\p18F4525.asm
                 LATCbits   0x000f8b       data     extern C:\MCC18\src\traditional\proc\p18F4525.asm
                     LATC   0x000f8b       data     extern C:\MCC18\src\traditional\proc\p18F4525.asm
                 LATDbits   0x000f8c       data     extern C:\MCC18\src\traditional\proc\p18F4525.asm
                     LATD   0x000f8c       data     extern C:\MCC18\src\traditional\proc\p18F4525.asm
                     LATE   0x000f8d       data     extern C:\MCC18\src\traditional\proc\p18F4525.asm
                 LATEbits   0x000f8d       data     extern C:\MCC18\src\traditional\proc\p18F4525.asm
                TRISAbits   0x000f92       data     extern C:\MCC18\src\traditional\proc\p18F4525.asm
                    TRISA   0x000f92       data     extern C:\MCC18\src\traditional\proc\p18F4525.asm
                 DDRAbits   0x000f92       data     extern C:\MCC18\src\traditional\proc\p18F4525.asm
                     DDRA   0x000f92       data     extern C:\MCC18\src\traditional\proc\p18F4525.asm
                     DDRB   0x000f93       data     extern C:\MCC18\src\traditional\proc\p18F4525.asm
                 DDRBbits   0x000f93       data     extern C:\MCC18\src\traditional\proc\p18F4525.asm
                    TRISB   0x000f93       data     extern C:\MCC18\src\traditional\proc\p18F4525.asm
                TRISBbits   0x000f93       data     extern C:\MCC18\src\traditional\proc\p18F4525.asm
                    TRISC   0x000f94       data     extern C:\MCC18\src\traditional\proc\p18F4525.asm
                TRISCbits   0x000f94       data     extern C:\MCC18\src\traditional\proc\p18F4525.asm
                     DDRC   0x000f94       data     extern C:\MCC18\src\traditional\proc\p18F4525.asm
                 DDRCbits   0x000f94       data     extern C:\MCC18\src\traditional\proc\p18F4525.asm
                    TRISD   0x000f95       data     extern C:\MCC18\src\traditional\proc\p18F4525.asm
                TRISDbits   0x000f95       data     extern C:\MCC18\src\traditional\proc\p18F4525.asm
                     DDRD   0x000f95       data     extern C:\MCC18\src\traditional\proc\p18F4525.asm
                 DDRDbits   0x000f95       data     extern C:\MCC18\src\traditional\proc\p18F4525.asm
                TRISEbits   0x000f96       data     extern C:\MCC18\src\traditional\proc\p18F4525.asm
                    TRISE   0x000f96       data     extern C:\MCC18\src\traditional\proc\p18F4525.asm
                     DDRE   0x000f96       data     extern C:\MCC18\src\traditional\proc\p18F4525.asm
                 DDREbits   0x000f96       data     extern C:\MCC18\src\traditional\proc\p18F4525.asm
              OSCTUNEbits   0x000f9b       data     extern C:\MCC18\src\traditional\proc\p18F4525.asm
                  OSCTUNE   0x000f9b       data     extern C:\MCC18\src\traditional\proc\p18F4525.asm
                 PIE1bits   0x000f9d       data     extern C:\MCC18\src\traditional\proc\p18F4525.asm
                     PIE1   0x000f9d       data     extern C:\MCC18\src\traditional\proc\p18F4525.asm
                     PIR1   0x000f9e       data     extern C:\MCC18\src\traditional\proc\p18F4525.asm
                 PIR1bits   0x000f9e       data     extern C:\MCC18\src\traditional\proc\p18F4525.asm
                 IPR1bits   0x000f9f       data     extern C:\MCC18\src\traditional\proc\p18F4525.asm
                     IPR1   0x000f9f       data     extern C:\MCC18\src\traditional\proc\p18F4525.asm
                 PIE2bits   0x000fa0       data     extern C:\MCC18\src\traditional\proc\p18F4525.asm
                     PIE2   0x000fa0       data     extern C:\MCC18\src\traditional\proc\p18F4525.asm
                     PIR2   0x000fa1       data     extern C:\MCC18\src\traditional\proc\p18F4525.asm
                 PIR2bits   0x000fa1       data     extern C:\MCC18\src\traditional\proc\p18F4525.asm
                     IPR2   0x000fa2       data     extern C:\MCC18\src\traditional\proc\p18F4525.asm
                 IPR2bits   0x000fa2       data     extern C:\MCC18\src\traditional\proc\p18F4525.asm
                   EECON1   0x000fa6       data     extern C:\MCC18\src\traditional\proc\p18F4525.asm
               EECON1bits   0x000fa6       data     extern C:\MCC18\src\traditional\proc\p18F4525.asm
                   EECON2   0x000fa7       data     extern C:\MCC18\src\traditional\proc\p18F4525.asm
                   EEDATA   0x000fa8       data     extern C:\MCC18\src\traditional\proc\p18F4525.asm
                    EEADR   0x000fa9       data     extern C:\MCC18\src\traditional\proc\p18F4525.asm
                   EEADRH   0x000faa       data     extern C:\MCC18\src\traditional\proc\p18F4525.asm
                    RCSTA   0x000fab       data     extern C:\MCC18\src\traditional\proc\p18F4525.asm
                RCSTAbits   0x000fab       data     extern C:\MCC18\src\traditional\proc\p18F4525.asm
                    TXSTA   0x000fac       data     extern C:\MCC18\src\traditional\proc\p18F4525.asm
                TXSTAbits   0x000fac       data     extern C:\MCC18\src\traditional\proc\p18F4525.asm
                    TXREG   0x000fad       data     extern C:\MCC18\src\traditional\proc\p18F4525.asm
                    RCREG   0x000fae       data     extern C:\MCC18\src\traditional\proc\p18F4525.asm
                    SPBRG   0x000faf       data     extern C:\MCC18\src\traditional\proc\p18F4525.asm
                   SPBRGH   0x000fb0       data     extern C:\MCC18\src\traditional\proc\p18F4525.asm
                    T3CON   0x000fb1       data     extern C:\MCC18\src\traditional\proc\p18F4525.asm
                T3CONbits   0x000fb1       data     extern C:\MCC18\src\traditional\proc\p18F4525.asm
                    TMR3L   0x000fb2       data     extern C:\MCC18\src\traditional\proc\p18F4525.asm
                    TMR3H   0x000fb3       data     extern C:\MCC18\src\traditional\proc\p18F4525.asm
                CMCONbits   0x000fb4       data     extern C:\MCC18\src\traditional\proc\p18F4525.asm
                    CMCON   0x000fb4       data     extern C:\MCC18\src\traditional\proc\p18F4525.asm
               CVRCONbits   0x000fb5       data     extern C:\MCC18\src\traditional\proc\p18F4525.asm
                   CVRCON   0x000fb5       data     extern C:\MCC18\src\traditional\proc\p18F4525.asm
               ECCPASbits   0x000fb6       data     extern C:\MCC18\src\traditional\proc\p18F4525.asm
                   ECCPAS   0x000fb6       data     extern C:\MCC18\src\traditional\proc\p18F4525.asm
              ECCP1ASbits   0x000fb6       data     extern C:\MCC18\src\traditional\proc\p18F4525.asm
                  ECCP1AS   0x000fb6       data     extern C:\MCC18\src\traditional\proc\p18F4525.asm
                  PWM1CON   0x000fb7       data     extern C:\MCC18\src\traditional\proc\p18F4525.asm
              PWM1CONbits   0x000fb7       data     extern C:\MCC18\src\traditional\proc\p18F4525.asm
              BAUDCONbits   0x000fb8       data     extern C:\MCC18\src\traditional\proc\p18F4525.asm
                  BAUDCON   0x000fb8       data     extern C:\MCC18\src\traditional\proc\p18F4525.asm
                  BAUDCTL   0x000fb8       data     extern C:\MCC18\src\traditional\proc\p18F4525.asm
              BAUDCTLbits   0x000fb8       data     extern C:\MCC18\src\traditional\proc\p18F4525.asm
              CCP2CONbits   0x000fba       data     extern C:\MCC18\src\traditional\proc\p18F4525.asm
                  CCP2CON   0x000fba       data     extern C:\MCC18\src\traditional\proc\p18F4525.asm
                    CCPR2   0x000fbb       data     extern C:\MCC18\src\traditional\proc\p18F4525.asm
                   CCPR2L   0x000fbb       data     extern C:\MCC18\src\traditional\proc\p18F4525.asm
                   CCPR2H   0x000fbc       data     extern C:\MCC18\src\traditional\proc\p18F4525.asm
              CCP1CONbits   0x000fbd       data     extern C:\MCC18\src\traditional\proc\p18F4525.asm
                  CCP1CON   0x000fbd       data     extern C:\MCC18\src\traditional\proc\p18F4525.asm
                   CCPR1L   0x000fbe       data     extern C:\MCC18\src\traditional\proc\p18F4525.asm
                    CCPR1   0x000fbe       data     extern C:\MCC18\src\traditional\proc\p18F4525.asm
                   CCPR1H   0x000fbf       data     extern C:\MCC18\src\traditional\proc\p18F4525.asm
                   ADCON2   0x000fc0       data     extern C:\MCC18\src\traditional\proc\p18F4525.asm
               ADCON2bits   0x000fc0       data     extern C:\MCC18\src\traditional\proc\p18F4525.asm
                   ADCON1   0x000fc1       data     extern C:\MCC18\src\traditional\proc\p18F4525.asm
               ADCON1bits   0x000fc1       data     extern C:\MCC18\src\traditional\proc\p18F4525.asm
                   ADCON0   0x000fc2       data     extern C:\MCC18\src\traditional\proc\p18F4525.asm
               ADCON0bits   0x000fc2       data     extern C:\MCC18\src\traditional\proc\p18F4525.asm
                    ADRES   0x000fc3       data     extern C:\MCC18\src\traditional\proc\p18F4525.asm
                   ADRESL   0x000fc3       data     extern C:\MCC18\src\traditional\proc\p18F4525.asm
                   ADRESH   0x000fc4       data     extern C:\MCC18\src\traditional\proc\p18F4525.asm
                  SSPCON2   0x000fc5       data     extern C:\MCC18\src\traditional\proc\p18F4525.asm
              SSPCON2bits   0x000fc5       data     extern C:\MCC18\src\traditional\proc\p18F4525.asm
                  SSPCON1   0x000fc6       data     extern C:\MCC18\src\traditional\proc\p18F4525.asm
              SSPCON1bits   0x000fc6       data     extern C:\MCC18\src\traditional\proc\p18F4525.asm
                  SSPSTAT   0x000fc7       data     extern C:\MCC18\src\traditional\proc\p18F4525.asm
              SSPSTATbits   0x000fc7       data     extern C:\MCC18\src\traditional\proc\p18F4525.asm
                   SSPADD   0x000fc8       data     extern C:\MCC18\src\traditional\proc\p18F4525.asm
                   SSPBUF   0x000fc9       data     extern C:\MCC18\src\traditional\proc\p18F4525.asm
                T2CONbits   0x000fca       data     extern C:\MCC18\src\traditional\proc\p18F4525.asm
                    T2CON   0x000fca       data     extern C:\MCC18\src\traditional\proc\p18F4525.asm
                      PR2   0x000fcb       data     extern C:\MCC18\src\traditional\proc\p18F4525.asm
                     TMR2   0x000fcc       data     extern C:\MCC18\src\traditional\proc\p18F4525.asm
                T1CONbits   0x000fcd       data     extern C:\MCC18\src\traditional\proc\p18F4525.asm
                    T1CON   0x000fcd       data     extern C:\MCC18\src\traditional\proc\p18F4525.asm
                    TMR1L   0x000fce       data     extern C:\MCC18\src\traditional\proc\p18F4525.asm
                    TMR1H   0x000fcf       data     extern C:\MCC18\src\traditional\proc\p18F4525.asm
                     RCON   0x000fd0       data     extern C:\MCC18\src\traditional\proc\p18F4525.asm
                 RCONbits   0x000fd0       data     extern C:\MCC18\src\traditional\proc\p18F4525.asm
               WDTCONbits   0x000fd1       data     extern C:\MCC18\src\traditional\proc\p18F4525.asm
                   WDTCON   0x000fd1       data     extern C:\MCC18\src\traditional\proc\p18F4525.asm
                  HLVDCON   0x000fd2       data     extern C:\MCC18\src\traditional\proc\p18F4525.asm
              HLVDCONbits   0x000fd2       data     extern C:\MCC18\src\traditional\proc\p18F4525.asm
                   LVDCON   0x000fd2       data     extern C:\MCC18\src\traditional\proc\p18F4525.asm
               LVDCONbits   0x000fd2       data     extern C:\MCC18\src\traditional\proc\p18F4525.asm
                   OSCCON   0x000fd3       data     extern C:\MCC18\src\traditional\proc\p18F4525.asm
               OSCCONbits   0x000fd3       data     extern C:\MCC18\src\traditional\proc\p18F4525.asm
                    DEBUG   0x000fd4       data     extern C:\MCC18\src\traditional\proc\p18F4525.asm
                T0CONbits   0x000fd5       data     extern C:\MCC18\src\traditional\proc\p18F4525.asm
                    T0CON   0x000fd5       data     extern C:\MCC18\src\traditional\proc\p18F4525.asm
                    TMR0L   0x000fd6       data     extern C:\MCC18\src\traditional\proc\p18F4525.asm
                    TMR0H   0x000fd7       data     extern C:\MCC18\src\traditional\proc\p18F4525.asm
               STATUSbits   0x000fd8       data     extern C:\MCC18\src\traditional\proc\p18F4525.asm
                   STATUS   0x000fd8       data     extern C:\MCC18\src\traditional\proc\p18F4525.asm
                    FSR2L   0x000fd9       data     extern C:\MCC18\src\traditional\proc\p18F4525.asm
                     FSR2   0x000fd9       data     extern C:\MCC18\src\traditional\proc\p18F4525.asm
                    FSR2H   0x000fda       data     extern C:\MCC18\src\traditional\proc\p18F4525.asm
                   PLUSW2   0x000fdb       data     extern C:\MCC18\src\traditional\proc\p18F4525.asm
                  PREINC2   0x000fdc       data     extern C:\MCC18\src\traditional\proc\p18F4525.asm
                 POSTDEC2   0x000fdd       data     extern C:\MCC18\src\traditional\proc\p18F4525.asm
                 POSTINC2   0x000fde       data     extern C:\MCC18\src\traditional\proc\p18F4525.asm
                    INDF2   0x000fdf       data     extern C:\MCC18\src\traditional\proc\p18F4525.asm
                      BSR   0x000fe0       data     extern C:\MCC18\src\traditional\proc\p18F4525.asm
                    FSR1L   0x000fe1       data     extern C:\MCC18\src\traditional\proc\p18F4525.asm
                     FSR1   0x000fe1       data     extern C:\MCC18\src\traditional\proc\p18F4525.asm
                    FSR1H   0x000fe2       data     extern C:\MCC18\src\traditional\proc\p18F4525.asm
                   PLUSW1   0x000fe3       data     extern C:\MCC18\src\traditional\proc\p18F4525.asm
                  PREINC1   0x000fe4       data     extern C:\MCC18\src\traditional\proc\p18F4525.asm
                 POSTDEC1   0x000fe5       data     extern C:\MCC18\src\traditional\proc\p18F4525.asm
                 POSTINC1   0x000fe6       data     extern C:\MCC18\src\traditional\proc\p18F4525.asm
                    INDF1   0x000fe7       data     extern C:\MCC18\src\traditional\proc\p18F4525.asm
                     WREG   0x000fe8       data     extern C:\MCC18\src\traditional\proc\p18F4525.asm
                        W   0x000fe8       data     extern C:\MCC18\src\traditional\proc\p18F4525.asm
                    FSR0L   0x000fe9       data     extern C:\MCC18\src\traditional\proc\p18F4525.asm
                     FSR0   0x000fe9       data     extern C:\MCC18\src\traditional\proc\p18F4525.asm
                    FSR0H   0x000fea       data     extern C:\MCC18\src\traditional\proc\p18F4525.asm
                   PLUSW0   0x000feb       data     extern C:\MCC18\src\traditional\proc\p18F4525.asm
                  PREINC0   0x000fec       data     extern C:\MCC18\src\traditional\proc\p18F4525.asm
                 POSTDEC0   0x000fed       data     extern C:\MCC18\src\traditional\proc\p18F4525.asm
                 POSTINC0   0x000fee       data     extern C:\MCC18\src\traditional\proc\p18F4525.asm
                    INDF0   0x000fef       data     extern C:\MCC18\src\traditional\proc\p18F4525.asm
                  INTCON3   0x000ff0       data     extern C:\MCC18\src\traditional\proc\p18F4525.asm
              INTCON3bits   0x000ff0       data     extern C:\MCC18\src\traditional\proc\p18F4525.asm
              INTCON2bits   0x000ff1       data     extern C:\MCC18\src\traditional\proc\p18F4525.asm
                  INTCON2   0x000ff1       data     extern C:\MCC18\src\traditional\proc\p18F4525.asm
                   INTCON   0x000ff2       data     extern C:\MCC18\src\traditional\proc\p18F4525.asm
               INTCONbits   0x000ff2       data     extern C:\MCC18\src\traditional\proc\p18F4525.asm
                    PRODL   0x000ff3       data     extern C:\MCC18\src\traditional\proc\p18F4525.asm
                     PROD   0x000ff3       data     extern C:\MCC18\src\traditional\proc\p18F4525.asm
                    PRODH   0x000ff4       data     extern C:\MCC18\src\traditional\proc\p18F4525.asm
                   TABLAT   0x000ff5       data     extern C:\MCC18\src\traditional\proc\p18F4525.asm
                  TBLPTRL   0x000ff6       data     extern C:\MCC18\src\traditional\proc\p18F4525.asm
                   TBLPTR   0x000ff6       data     extern C:\MCC18\src\traditional\proc\p18F4525.asm
                  TBLPTRH   0x000ff7       data     extern C:\MCC18\src\traditional\proc\p18F4525.asm
                  TBLPTRU   0x000ff8       data     extern C:\MCC18\src\traditional\proc\p18F4525.asm
                       PC   0x000ff9       data     extern C:\MCC18\src\traditional\proc\p18F4525.asm
                      PCL   0x000ff9       data     extern C:\MCC18\src\traditional\proc\p18F4525.asm
                   PCLATH   0x000ffa       data     extern C:\MCC18\src\traditional\proc\p18F4525.asm
                   PCLATU   0x000ffb       data     extern C:\MCC18\src\traditional\proc\p18F4525.asm
               STKPTRbits   0x000ffc       data     extern C:\MCC18\src\traditional\proc\p18F4525.asm
                   STKPTR   0x000ffc       data     extern C:\MCC18\src\traditional\proc\p18F4525.asm
                     TOSL   0x000ffd       data     extern C:\MCC18\src\traditional\proc\p18F4525.asm
                      TOS   0x000ffd       data     extern C:\MCC18\src\traditional\proc\p18F4525.asm
                     TOSH   0x000ffe       data     extern C:\MCC18\src\traditional\proc\p18F4525.asm
                     TOSU   0x000fff       data     extern C:\MCC18\src\traditional\proc\p18F4525.asm


